Archive member included to satisfy reference by file (symbol)

/opt/st/stm32cubeide_1.14.0/plugins/com.st.stm32cube.ide.mcu.externaltools.gnu-tools-for-stm32.11.3.rel1.linux64_1.1.100.202309141235/tools/bin/../lib/gcc/arm-none-eabi/11.3.1/../../../../arm-none-eabi/lib/thumb/v7e-m+fp/hard/libc_nano.a(libc_a-exit.o)
                              /opt/st/stm32cubeide_1.14.0/plugins/com.st.stm32cube.ide.mcu.externaltools.gnu-tools-for-stm32.11.3.rel1.linux64_1.1.100.202309141235/tools/bin/../lib/gcc/arm-none-eabi/11.3.1/../../../../arm-none-eabi/lib/thumb/v7e-m+fp/hard/crt0.o (exit)
/opt/st/stm32cubeide_1.14.0/plugins/com.st.stm32cube.ide.mcu.externaltools.gnu-tools-for-stm32.11.3.rel1.linux64_1.1.100.202309141235/tools/bin/../lib/gcc/arm-none-eabi/11.3.1/../../../../arm-none-eabi/lib/thumb/v7e-m+fp/hard/libc_nano.a(libc_a-findfp.o)
                              /opt/st/stm32cubeide_1.14.0/plugins/com.st.stm32cube.ide.mcu.externaltools.gnu-tools-for-stm32.11.3.rel1.linux64_1.1.100.202309141235/tools/bin/../lib/gcc/arm-none-eabi/11.3.1/../../../../arm-none-eabi/lib/thumb/v7e-m+fp/hard/libc_nano.a(libc_a-exit.o) (__stdio_exit_handler)
/opt/st/stm32cubeide_1.14.0/plugins/com.st.stm32cube.ide.mcu.externaltools.gnu-tools-for-stm32.11.3.rel1.linux64_1.1.100.202309141235/tools/bin/../lib/gcc/arm-none-eabi/11.3.1/../../../../arm-none-eabi/lib/thumb/v7e-m+fp/hard/libc_nano.a(libc_a-fwalk.o)
                              /opt/st/stm32cubeide_1.14.0/plugins/com.st.stm32cube.ide.mcu.externaltools.gnu-tools-for-stm32.11.3.rel1.linux64_1.1.100.202309141235/tools/bin/../lib/gcc/arm-none-eabi/11.3.1/../../../../arm-none-eabi/lib/thumb/v7e-m+fp/hard/libc_nano.a(libc_a-findfp.o) (_fwalk_sglue)
/opt/st/stm32cubeide_1.14.0/plugins/com.st.stm32cube.ide.mcu.externaltools.gnu-tools-for-stm32.11.3.rel1.linux64_1.1.100.202309141235/tools/bin/../lib/gcc/arm-none-eabi/11.3.1/../../../../arm-none-eabi/lib/thumb/v7e-m+fp/hard/libc_nano.a(libc_a-puts.o)
                              ./Core/Src/app_bluenrg.o (puts)
/opt/st/stm32cubeide_1.14.0/plugins/com.st.stm32cube.ide.mcu.externaltools.gnu-tools-for-stm32.11.3.rel1.linux64_1.1.100.202309141235/tools/bin/../lib/gcc/arm-none-eabi/11.3.1/../../../../arm-none-eabi/lib/thumb/v7e-m+fp/hard/libc_nano.a(libc_a-stdio.o)
                              /opt/st/stm32cubeide_1.14.0/plugins/com.st.stm32cube.ide.mcu.externaltools.gnu-tools-for-stm32.11.3.rel1.linux64_1.1.100.202309141235/tools/bin/../lib/gcc/arm-none-eabi/11.3.1/../../../../arm-none-eabi/lib/thumb/v7e-m+fp/hard/libc_nano.a(libc_a-findfp.o) (__sread)
/opt/st/stm32cubeide_1.14.0/plugins/com.st.stm32cube.ide.mcu.externaltools.gnu-tools-for-stm32.11.3.rel1.linux64_1.1.100.202309141235/tools/bin/../lib/gcc/arm-none-eabi/11.3.1/../../../../arm-none-eabi/lib/thumb/v7e-m+fp/hard/libc_nano.a(libc_a-wbuf.o)
                              /opt/st/stm32cubeide_1.14.0/plugins/com.st.stm32cube.ide.mcu.externaltools.gnu-tools-for-stm32.11.3.rel1.linux64_1.1.100.202309141235/tools/bin/../lib/gcc/arm-none-eabi/11.3.1/../../../../arm-none-eabi/lib/thumb/v7e-m+fp/hard/libc_nano.a(libc_a-puts.o) (__swbuf_r)
/opt/st/stm32cubeide_1.14.0/plugins/com.st.stm32cube.ide.mcu.externaltools.gnu-tools-for-stm32.11.3.rel1.linux64_1.1.100.202309141235/tools/bin/../lib/gcc/arm-none-eabi/11.3.1/../../../../arm-none-eabi/lib/thumb/v7e-m+fp/hard/libc_nano.a(libc_a-wsetup.o)
                              /opt/st/stm32cubeide_1.14.0/plugins/com.st.stm32cube.ide.mcu.externaltools.gnu-tools-for-stm32.11.3.rel1.linux64_1.1.100.202309141235/tools/bin/../lib/gcc/arm-none-eabi/11.3.1/../../../../arm-none-eabi/lib/thumb/v7e-m+fp/hard/libc_nano.a(libc_a-puts.o) (__swsetup_r)
/opt/st/stm32cubeide_1.14.0/plugins/com.st.stm32cube.ide.mcu.externaltools.gnu-tools-for-stm32.11.3.rel1.linux64_1.1.100.202309141235/tools/bin/../lib/gcc/arm-none-eabi/11.3.1/../../../../arm-none-eabi/lib/thumb/v7e-m+fp/hard/libc_nano.a(libc_a-memset.o)
                              /opt/st/stm32cubeide_1.14.0/plugins/com.st.stm32cube.ide.mcu.externaltools.gnu-tools-for-stm32.11.3.rel1.linux64_1.1.100.202309141235/tools/bin/../lib/gcc/arm-none-eabi/11.3.1/../../../../arm-none-eabi/lib/thumb/v7e-m+fp/hard/crt0.o (memset)
/opt/st/stm32cubeide_1.14.0/plugins/com.st.stm32cube.ide.mcu.externaltools.gnu-tools-for-stm32.11.3.rel1.linux64_1.1.100.202309141235/tools/bin/../lib/gcc/arm-none-eabi/11.3.1/../../../../arm-none-eabi/lib/thumb/v7e-m+fp/hard/libc_nano.a(libc_a-closer.o)
                              /opt/st/stm32cubeide_1.14.0/plugins/com.st.stm32cube.ide.mcu.externaltools.gnu-tools-for-stm32.11.3.rel1.linux64_1.1.100.202309141235/tools/bin/../lib/gcc/arm-none-eabi/11.3.1/../../../../arm-none-eabi/lib/thumb/v7e-m+fp/hard/libc_nano.a(libc_a-stdio.o) (_close_r)
/opt/st/stm32cubeide_1.14.0/plugins/com.st.stm32cube.ide.mcu.externaltools.gnu-tools-for-stm32.11.3.rel1.linux64_1.1.100.202309141235/tools/bin/../lib/gcc/arm-none-eabi/11.3.1/../../../../arm-none-eabi/lib/thumb/v7e-m+fp/hard/libc_nano.a(libc_a-reent.o)
[...]
Memory Configuration

Name             Origin             Length             Attributes
RAM              0x0000000020000000 0x0000000000020000 xrw
FLASH            0x0000000008000000 0x0000000000080000 xr
*default*        0x0000000000000000 0xffffffffffffffff

Linker script and memory map

LOAD /opt/st/stm32cubeide_1.14.0/plugins/com.st.stm32cube.ide.mcu.externaltools.gnu-tools-for-stm32.11.3.rel1.linux64_1.1.100.202309141235/tools/bin/../lib/gcc/arm-none-eabi/11.3.1/thumb/v7e-m+fp/hard/crti.o
LOAD /opt/st/stm32cubeide_1.14.0/plugins/com.st.stm32cube.ide.mcu.externaltools.gnu-tools-for-stm32.11.3.rel1.linux64_1.1.100.202309141235/tools/bin/../lib/gcc/arm-none-eabi/11.3.1/thumb/v7e-m+fp/hard/crtbegin.o
LOAD /opt/st/stm32cubeide_1.14.0/plugins/com.st.stm32cube.ide.mcu.externaltools.gnu-tools-for-stm32.11.3.rel1.linux64_1.1.100.202309141235/tools/bin/../lib/gcc/arm-none-eabi/11.3.1/../../../../arm-none-eabi/lib/thumb/v7e-m+fp/hard/crt0.o
LOAD ./BlueNRG-2/Target/hci_tl_interface.o
LOAD ./Core/Src/app_bluenrg.o
LOAD ./Core/Src/custom_bus.o
LOAD ./Core/Src/main.o
LOAD ./Core/Src/service.o
LOAD ./Core/Src/stm32f4xx_hal_msp.o
LOAD ./Core/Src/stm32f4xx_it.o
LOAD ./Core/Src/syscalls.o
LOAD ./Core/Src/sysmem.o
LOAD ./Core/Src/system_stm32f4xx.o
LOAD ./Core/Startup/startup_stm32f411retx.o
LOAD ./Drivers/STM32F4xx_HAL_Driver/Src/stm32f4xx_hal.o
LOAD ./Drivers/STM32F4xx_HAL_Driver/Src/stm32f4xx_hal_cortex.o
LOAD ./Drivers/STM32F4xx_HAL_Driver/Src/stm32f4xx_hal_dma.o
LOAD ./Drivers/STM32F4xx_HAL_Driver/Src/stm32f4xx_hal_dma_ex.o
LOAD ./Drivers/STM32F4xx_HAL_Driver/Src/stm32f4xx_hal_exti.o
LOAD ./Drivers/STM32F4xx_HAL_Driver/Src/stm32f4xx_hal_flash.o
LOAD ./Drivers/STM32F4xx_HAL_Driver/Src/stm32f4xx_hal_flash_ex.o
LOAD ./Drivers/STM32F4xx_HAL_Driver/Src/stm32f4xx_hal_flash_ramfunc.o
LOAD ./Drivers/STM32F4xx_HAL_Driver/Src/stm32f4xx_hal_gpio.o
LOAD ./Drivers/STM32F4xx_HAL_Driver/Src/stm32f4xx_hal_pwr.o
LOAD ./Drivers/STM32F4xx_HAL_Driver/Src/stm32f4xx_hal_pwr_ex.o
LOAD ./Drivers/STM32F4xx_HAL_Driver/Src/stm32f4xx_hal_rcc.o
LOAD ./Drivers/STM32F4xx_HAL_Driver/Src/stm32f4xx_hal_rcc_ex.o
LOAD ./Drivers/STM32F4xx_HAL_Driver/Src/stm32f4xx_hal_spi.o
LOAD ./Drivers/STM32F4xx_HAL_Driver/Src/stm32f4xx_hal_tim.o
LOAD ./Drivers/STM32F4xx_HAL_Driver/Src/stm32f4xx_hal_tim_ex.o
LOAD ./Drivers/STM32F4xx_HAL_Driver/Src/stm32f4xx_hal_uart.o
LOAD ./Middlewares/ST/BlueNRG-2/hci/bluenrg1_devConfig.o
LOAD ./Middlewares/ST/BlueNRG-2/hci/bluenrg1_events.o
LOAD ./Middlewares/ST/BlueNRG-2/hci/bluenrg1_events_cb.o
LOAD ./Middlewares/ST/BlueNRG-2/hci/bluenrg1_hci_le.o
LOAD ./Middlewares/ST/BlueNRG-2/hci/controller/bluenrg1_gap_aci.o
LOAD ./Middlewares/ST/BlueNRG-2/hci/controller/bluenrg1_gatt_aci.o
LOAD ./Middlewares/ST/BlueNRG-2/hci/controller/bluenrg1_hal_aci.o
LOAD ./Middlewares/ST/BlueNRG-2/hci/controller/bluenrg1_l2cap_aci.o
LOAD ./Middlewares/ST/BlueNRG-2/hci/hci_tl_patterns/Basic/hci_tl.o
LOAD ./Middlewares/ST/BlueNRG-2/utils/ble_list.o
START GROUP
LOAD /opt/st/stm32cubeide_1.14.0/plugins/com.st.stm32cube.ide.mcu.externaltools.gnu-tools-for-stm32.11.3.rel1.linux64_1.1.100.202309141235/tools/bin/../lib/gcc/arm-none-eabi/11.3.1/../../../../arm-none-eabi/lib/thumb/v7e-m+fp/hard/libc_nano.a
LOAD /opt/st/stm32cubeide_1.14.0/plugins/com.st.stm32cube.ide.mcu.externaltools.gnu-tools-for-stm32.11.3.rel1.linux64_1.1.100.202309141235/tools/bin/../lib/gcc/arm-none-eabi/11.3.1/../../../../arm-none-eabi/lib/thumb/v7e-m+fp/hard/libm.a
END GROUP
START GROUP
LOAD /opt/st/stm32cubeide_1.14.0/plugins/com.st.stm32cube.ide.mcu.externaltools.gnu-tools-for-stm32.11.3.rel1.linux64_1.1.100.202309141235/tools/bin/../lib/gcc/arm-none-eabi/11.3.1/thumb/v7e-m+fp/hard/libgcc.a
LOAD /opt/st/stm32cubeide_1.14.0/plugins/com.st.stm32cube.ide.mcu.externaltools.gnu-tools-for-stm32.11.3.rel1.linux64_1.1.100.202309141235/tools/bin/../lib/gcc/arm-none-eabi/11.3.1/../../../../arm-none-eabi/lib/thumb/v7e-m+fp/hard/libc_nano.a
END GROUP
START GROUP
LOAD /opt/st/stm32cubeide_1.14.0/plugins/com.st.stm32cube.ide.mcu.externaltools.gnu-tools-for-stm32.11.3.rel1.linux64_1.1.100.202309141235/tools/bin/../lib/gcc/arm-none-eabi/11.3.1/thumb/v7e-m+fp/hard/libgcc.a
LOAD /opt/st/stm32cubeide_1.14.0/plugins/com.st.stm32cube.ide.mcu.externaltools.gnu-tools-for-stm32.11.3.rel1.linux64_1.1.100.202309141235/tools/bin/../lib/gcc/arm-none-eabi/11.3.1/../../../../arm-none-eabi/lib/thumb/v7e-m+fp/hard/libc_nano.a
LOAD /opt/st/stm32cubeide_1.14.0/plugins/com.st.stm32cube.ide.mcu.externaltools.gnu-tools-for-stm32.11.3.rel1.linux64_1.1.100.202309141235/tools/bin/../lib/gcc/arm-none-eabi/11.3.1/../../../../arm-none-eabi/lib/thumb/v7e-m+fp/hard/libnosys.a
END GROUP
START GROUP
LOAD /opt/st/stm32cubeide_1.14.0/plugins/com.st.stm32cube.ide.mcu.externaltools.gnu-tools-for-stm32.11.3.rel1.linux64_1.1.100.202309141235/tools/bin/../lib/gcc/arm-none-eabi/11.3.1/thumb/v7e-m+fp/hard/libgcc.a
LOAD /opt/st/stm32cubeide_1.14.0/plugins/com.st.stm32cube.ide.mcu.externaltools.gnu-tools-for-stm32.11.3.rel1.linux64_1.1.100.202309141235/tools/bin/../lib/gcc/arm-none-eabi/11.3.1/../../../../arm-none-eabi/lib/thumb/v7e-m+fp/hard/libc_nano.a
LOAD /opt/st/stm32cubeide_1.14.0/plugins/com.st.stm32cube.ide.mcu.externaltools.gnu-tools-for-stm32.11.3.rel1.linux64_1.1.100.202309141235/tools/bin/../lib/gcc/arm-none-eabi/11.3.1/../../../../arm-none-eabi/lib/thumb/v7e-m+fp/hard/libnosys.a
END GROUP
LOAD /opt/st/stm32cubeide_1.14.0/plugins/com.st.stm32cube.ide.mcu.externaltools.gnu-tools-for-stm32.11.3.rel1.linux64_1.1.100.202309141235/tools/bin/../lib/gcc/arm-none-eabi/11.3.1/thumb/v7e-m+fp/hard/crtend.o
LOAD /opt/st/stm32cubeide_1.14.0/plugins/com.st.stm32cube.ide.mcu.externaltools.gnu-tools-for-stm32.11.3.rel1.linux64_1.1.100.202309141235/tools/bin/../lib/gcc/arm-none-eabi/11.3.1/thumb/v7e-m+fp/hard/crtn.o
                0x0000000020020000                _estack = (ORIGIN (RAM) + LENGTH (RAM))
                0x0000000000000200                _Min_Heap_Size = 0x200
                0x0000000000000400                _Min_Stack_Size = 0x400

.isr_vector     0x0000000008000000      0x198
                0x0000000008000000                . = ALIGN (0x4)
 *(.isr_vector)
 .isr_vector    0x0000000008000000      0x198 ./Core/Startup/startup_stm32f411retx.o
                0x0000000008000000                g_pfnVectors
                0x0000000008000198                . = ALIGN (0x4)

.text           0x0000000008000198     0x4a54
                0x0000000008000198                . = ALIGN (0x4)
 *(.text)
 .text          0x0000000008000198       0x40 /opt/st/stm32cubeide_1.14.0/plugins/com.st.stm32cube.ide.mcu.externaltools.gnu-tools-for-stm32.11.3.rel1.linux64_1.1.100.202309141235/tools/bin/../lib/gcc/arm-none-eabi/11.3.1/thumb/v7e-m+fp/hard/crtbegin.o
 .text          0x00000000080001d8       0x10 /opt/st/stm32cubeide_1.14.0/plugins/com.st.stm32cube.ide.mcu.externaltools.gnu-tools-for-stm32.11.3.rel1.linux64_1.1.100.202309141235/tools/bin/../lib/gcc/arm-none-eabi/11.3.1/../../../../arm-none-eabi/lib/thumb/v7e-m+fp/hard/libc_nano.a(libc_a-strlen.o)
                0x00000000080001d8                strlen
 .text          0x00000000080001e8       0x30 /opt/st/stm32cubeide_1.14.0/plugins/com.st.stm32cube.ide.mcu.externaltools.gnu-tools-for-stm32.11.3.rel1.linux64_1.1.100.202309141235/tools/bin/../lib/gcc/arm-none-eabi/11.3.1/thumb/v7e-m+fp/hard/libgcc.a(_aeabi_uldivmod.o)
                0x00000000080001e8                __aeabi_uldivmod
 .text          0x0000000008000218      0x2c8 /opt/st/stm32cubeide_1.14.0/plugins/com.st.stm32cube.ide.mcu.externaltools.gnu-tools-for-stm32.11.3.rel1.linux64_1.1.100.202309141235/tools/bin/../lib/gcc/arm-none-eabi/11.3.1/thumb/v7e-m+fp/hard/libgcc.a(_udivmoddi4.o)
                0x0000000008000218                __udivmoddi4
 .text          0x00000000080004e0        0x4 /opt/st/stm32cubeide_1.14.0/plugins/com.st.stm32cube.ide.mcu.externaltools.gnu-tools-for-stm32.11.3.rel1.linux64_1.1.100.202309141235/tools/bin/../lib/gcc/arm-none-eabi/11.3.1/thumb/v7e-m+fp/hard/libgcc.a(_dvmd_tls.o)
                0x00000000080004e0                __aeabi_ldiv0
                0x00000000080004e0                __aeabi_idiv0
 *(.text*)
 .text.HCI_TL_SPI_Enable_IRQ
                0x00000000080004e4        0xe ./BlueNRG-2/Target/hci_tl_interface.o
 .text.HCI_TL_SPI_Disable_IRQ
                0x00000000080004f2        0xe ./BlueNRG-2/Target/hci_tl_interface.o
 .text.HCI_TL_SPI_Init
                0x0000000008000500       0x98 ./BlueNRG-2/Target/hci_tl_interface.o
                0x0000000008000500                HCI_TL_SPI_Init
 .text.HCI_TL_SPI_DeInit
                0x0000000008000598       0x28 ./BlueNRG-2/Target/hci_tl_interface.o
                0x0000000008000598                HCI_TL_SPI_DeInit
 .text.HCI_TL_SPI_Reset
                0x00000000080005c0       0x3c ./BlueNRG-2/Target/hci_tl_interface.o
                0x00000000080005c0                HCI_TL_SPI_Reset
 .text.HCI_TL_SPI_Receive
                0x00000000080005fc       0xe0 ./BlueNRG-2/Target/hci_tl_interface.o
                0x00000000080005fc                HCI_TL_SPI_Receive
 .text.HCI_TL_SPI_Send
                0x00000000080006dc      0x118 ./BlueNRG-2/Target/hci_tl_interface.o
                0x00000000080006dc                HCI_TL_SPI_Send
 .text.IsDataAvailable
                0x00000000080007f4       0x20 ./BlueNRG-2/Target/hci_tl_interface.o
 .text.hci_tl_lowlevel_init
                0x0000000008000814       0x74 ./BlueNRG-2/Target/hci_tl_interface.o
                0x0000000008000814                hci_tl_lowlevel_init
 .text.hci_tl_lowlevel_isr
                0x0000000008000888       0x22 ./BlueNRG-2/Target/hci_tl_interface.o
                0x0000000008000888                hci_tl_lowlevel_isr
 *fill*         0x00000000080008aa        0x2 
 .text.bluenrg_init
                0x00000000080008ac       0xe0 ./Core/Src/app_bluenrg.o
                0x00000000080008ac                bluenrg_init
 .text.bluenrg_process
                0x000000000800098c       0x58 ./Core/Src/app_bluenrg.o
                0x000000000800098c                bluenrg_process
 .text.BSP_SPI1_Init
                0x00000000080009e4       0x60 ./Core/Src/custom_bus.o
                0x00000000080009e4                BSP_SPI1_Init
 .text.BSP_SPI1_SendRecv
                0x0000000008000a44       0x40 ./Core/Src/custom_bus.o
                0x0000000008000a44                BSP_SPI1_SendRecv
 .text.BSP_GetTick
                0x0000000008000a84        0xe ./Core/Src/custom_bus.o
                0x0000000008000a84                BSP_GetTick
 *fill*         0x0000000008000a92        0x2 
 .text.MX_SPI1_Init
                0x0000000008000a94       0x78 ./Core/Src/custom_bus.o
                0x0000000008000a94                MX_SPI1_Init
 .text.SPI1_MspInit
                0x0000000008000b0c       0xd0 ./Core/Src/custom_bus.o
 .text.__io_putchar
                0x0000000008000bdc       0x24 ./Core/Src/main.o
                0x0000000008000bdc                __io_putchar
 .text.main     0x0000000008000c00       0x28 ./Core/Src/main.o
                0x0000000008000c00                main
 .text.SystemClock_Config
                0x0000000008000c28       0xd0 ./Core/Src/main.o
                0x0000000008000c28                SystemClock_Config
 .text.MX_USART2_UART_Init
                0x0000000008000cf8       0x54 ./Core/Src/main.o
 .text.MX_GPIO_Init
                0x0000000008000d4c      0x11c ./Core/Src/main.o
 .text.Error_Handler
                0x0000000008000e68        0xa ./Core/Src/main.o
                0x0000000008000e68                Error_Handler
 *fill*         0x0000000008000e72        0x2 
 .text.add_simple_service
                0x0000000008000e74       0x38 ./Core/Src/service.o
                0x0000000008000e74                add_simple_service
 .text.HAL_MspInit
                0x0000000008000eac       0x50 ./Core/Src/stm32f4xx_hal_msp.o
                0x0000000008000eac                HAL_MspInit
 .text.HAL_UART_MspInit
                0x0000000008000efc       0x90 ./Core/Src/stm32f4xx_hal_msp.o
                0x0000000008000efc                HAL_UART_MspInit
 .text.NMI_Handler
                0x0000000008000f8c        0x6 ./Core/Src/stm32f4xx_it.o
                0x0000000008000f8c                NMI_Handler
 .text.HardFault_Handler
                0x0000000008000f92        0x6 ./Core/Src/stm32f4xx_it.o
                0x0000000008000f92                HardFault_Handler
 .text.MemManage_Handler
                0x0000000008000f98        0x6 ./Core/Src/stm32f4xx_it.o
                0x0000000008000f98                MemManage_Handler
 .text.BusFault_Handler
                0x0000000008000f9e        0x6 ./Core/Src/stm32f4xx_it.o
                0x0000000008000f9e                BusFault_Handler
 .text.UsageFault_Handler
                0x0000000008000fa4        0x6 ./Core/Src/stm32f4xx_it.o
                0x0000000008000fa4                UsageFault_Handler
 .text.SVC_Handler
                0x0000000008000faa        0xe ./Core/Src/stm32f4xx_it.o
                0x0000000008000faa                SVC_Handler
 .text.DebugMon_Handler
                0x0000000008000fb8        0xe ./Core/Src/stm32f4xx_it.o
                0x0000000008000fb8                DebugMon_Handler
 .text.PendSV_Handler
                0x0000000008000fc6        0xe ./Core/Src/stm32f4xx_it.o
                0x0000000008000fc6                PendSV_Handler
 .text.SysTick_Handler
                0x0000000008000fd4        0xc ./Core/Src/stm32f4xx_it.o
                0x0000000008000fd4                SysTick_Handler
 .text.EXTI0_IRQHandler
                0x0000000008000fe0       0x14 ./Core/Src/stm32f4xx_it.o
                0x0000000008000fe0                EXTI0_IRQHandler
 .text.EXTI15_10_IRQHandler
                0x0000000008000ff4       0x10 ./Core/Src/stm32f4xx_it.o
                0x0000000008000ff4                EXTI15_10_IRQHandler
 .text._read    0x0000000008001004       0x3a ./Core/Src/syscalls.o
                0x0000000008001004                _read
 .text._write   0x000000000800103e       0x38 ./Core/Src/syscalls.o
                0x000000000800103e                _write
 .text._close   0x0000000008001076       0x18 ./Core/Src/syscalls.o
                0x0000000008001076                _close
 .text._fstat   0x000000000800108e       0x20 ./Core/Src/syscalls.o
                0x000000000800108e                _fstat
 .text._isatty  0x00000000080010ae       0x16 ./Core/Src/syscalls.o
                0x00000000080010ae                _isatty
 .text._lseek   0x00000000080010c4       0x1a ./Core/Src/syscalls.o
                0x00000000080010c4                _lseek
 *fill*         0x00000000080010de        0x2 
 .text._sbrk    0x00000000080010e0       0x6c ./Core/Src/sysmem.o
                0x00000000080010e0                _sbrk
 .text.SystemInit
                0x000000000800114c       0x24 ./Core/Src/system_stm32f4xx.o
                0x000000000800114c                SystemInit
 .text.Reset_Handler
                0x0000000008001170       0x50 ./Core/Startup/startup_stm32f411retx.o
                0x0000000008001170                Reset_Handler
 .text.Default_Handler
                0x00000000080011c0        0x2 ./Core/Startup/startup_stm32f411retx.o
                0x00000000080011c0                RTC_Alarm_IRQHandler
                0x00000000080011c0                EXTI2_IRQHandler
                0x00000000080011c0                SPI4_IRQHandler
                0x00000000080011c0                TIM1_CC_IRQHandler
                0x00000000080011c0                DMA2_Stream5_IRQHandler
                0x00000000080011c0                DMA1_Stream5_IRQHandler
                0x00000000080011c0                PVD_IRQHandler
                0x00000000080011c0                SDIO_IRQHandler
                0x00000000080011c0                TAMP_STAMP_IRQHandler
                0x00000000080011c0                EXTI3_IRQHandler
                0x00000000080011c0                TIM1_UP_TIM10_IRQHandler
                0x00000000080011c0                I2C3_ER_IRQHandler
                0x00000000080011c0                I2C2_EV_IRQHandler
                0x00000000080011c0                DMA1_Stream2_IRQHandler
                0x00000000080011c0                FPU_IRQHandler
                0x00000000080011c0                DMA2_Stream2_IRQHandler
                0x00000000080011c0                SPI1_IRQHandler
                0x00000000080011c0                TIM1_BRK_TIM9_IRQHandler
                0x00000000080011c0                DMA2_Stream3_IRQHandler
                0x00000000080011c0                USART6_IRQHandler
                0x00000000080011c0                DMA2_Stream0_IRQHandler
                0x00000000080011c0                TIM4_IRQHandler
                0x00000000080011c0                I2C1_EV_IRQHandler
                0x00000000080011c0                DMA1_Stream6_IRQHandler
                0x00000000080011c0                DMA1_Stream1_IRQHandler
                0x00000000080011c0                TIM3_IRQHandler
                0x00000000080011c0                RCC_IRQHandler
                0x00000000080011c0                Default_Handler
                0x00000000080011c0                ADC_IRQHandler
                0x00000000080011c0                DMA1_Stream7_IRQHandler
                0x00000000080011c0                SPI5_IRQHandler
                0x00000000080011c0                TIM5_IRQHandler
                0x00000000080011c0                DMA2_Stream7_IRQHandler
                0x00000000080011c0                I2C3_EV_IRQHandler
                0x00000000080011c0                EXTI9_5_IRQHandler
                0x00000000080011c0                RTC_WKUP_IRQHandler
                0x00000000080011c0                SPI2_IRQHandler
                0x00000000080011c0                DMA1_Stream0_IRQHandler
                0x00000000080011c0                EXTI4_IRQHandler
                0x00000000080011c0                WWDG_IRQHandler
                0x00000000080011c0                TIM2_IRQHandler
                0x00000000080011c0                OTG_FS_WKUP_IRQHandler
                0x00000000080011c0                TIM1_TRG_COM_TIM11_IRQHandler
                0x00000000080011c0                EXTI1_IRQHandler
                0x00000000080011c0                USART2_IRQHandler
                0x00000000080011c0                I2C2_ER_IRQHandler
                0x00000000080011c0                DMA2_Stream1_IRQHandler
                0x00000000080011c0                FLASH_IRQHandler
                0x00000000080011c0                DMA2_Stream4_IRQHandler
                0x00000000080011c0                USART1_IRQHandler
                0x00000000080011c0                OTG_FS_IRQHandler
                0x00000000080011c0                SPI3_IRQHandler
                0x00000000080011c0                DMA1_Stream4_IRQHandler
                0x00000000080011c0                I2C1_ER_IRQHandler
                0x00000000080011c0                DMA2_Stream6_IRQHandler
                0x00000000080011c0                DMA1_Stream3_IRQHandler
 *fill*         0x00000000080011c2        0x2 
 .text.HAL_Init
                0x00000000080011c4       0x44 ./Drivers/STM32F4xx_HAL_Driver/Src/stm32f4xx_hal.o
                0x00000000080011c4                HAL_Init
 .text.HAL_InitTick
                0x0000000008001208       0x60 ./Drivers/STM32F4xx_HAL_Driver/Src/stm32f4xx_hal.o
                0x0000000008001208                HAL_InitTick
 .text.HAL_IncTick
                0x0000000008001268       0x28 ./Drivers/STM32F4xx_HAL_Driver/Src/stm32f4xx_hal.o
                0x0000000008001268                HAL_IncTick
 .text.HAL_GetTick
                0x0000000008001290       0x18 ./Drivers/STM32F4xx_HAL_Driver/Src/stm32f4xx_hal.o
                0x0000000008001290                HAL_GetTick
 .text.HAL_Delay
                0x00000000080012a8       0x48 ./Drivers/STM32F4xx_HAL_Driver/Src/stm32f4xx_hal.o
                0x00000000080012a8                HAL_Delay
 .text.__NVIC_SetPriorityGrouping
                0x00000000080012f0       0x48 ./Drivers/STM32F4xx_HAL_Driver/Src/stm32f4xx_hal_cortex.o
 .text.__NVIC_GetPriorityGrouping
                0x0000000008001338       0x1c ./Drivers/STM32F4xx_HAL_Driver/Src/stm32f4xx_hal_cortex.o
 .text.__NVIC_EnableIRQ
                0x0000000008001354       0x3c ./Drivers/STM32F4xx_HAL_Driver/Src/stm32f4xx_hal_cortex.o
 .text.__NVIC_DisableIRQ
                0x0000000008001390       0x48 ./Drivers/STM32F4xx_HAL_Driver/Src/stm32f4xx_hal_cortex.o
 .text.__NVIC_SetPriority
                0x00000000080013d8       0x54 ./Drivers/STM32F4xx_HAL_Driver/Src/stm32f4xx_hal_cortex.o
 .text.NVIC_EncodePriority
                0x000000000800142c       0x66 ./Drivers/STM32F4xx_HAL_Driver/Src/stm32f4xx_hal_cortex.o
 *fill*         0x0000000008001492        0x2 
 .text.SysTick_Config
                0x0000000008001494       0x44 ./Drivers/STM32F4xx_HAL_Driver/Src/stm32f4xx_hal_cortex.o
 .text.HAL_NVIC_SetPriorityGrouping
                0x00000000080014d8       0x16 ./Drivers/STM32F4xx_HAL_Driver/Src/stm32f4xx_hal_cortex.o
                0x00000000080014d8                HAL_NVIC_SetPriorityGrouping
 .text.HAL_NVIC_SetPriority
                0x00000000080014ee       0x38 ./Drivers/STM32F4xx_HAL_Driver/Src/stm32f4xx_hal_cortex.o
                0x00000000080014ee                HAL_NVIC_SetPriority
 .text.HAL_NVIC_EnableIRQ
                0x0000000008001526       0x1c ./Drivers/STM32F4xx_HAL_Driver/Src/stm32f4xx_hal_cortex.o
                0x0000000008001526                HAL_NVIC_EnableIRQ
 .text.HAL_NVIC_DisableIRQ
                0x0000000008001542       0x1c ./Drivers/STM32F4xx_HAL_Driver/Src/stm32f4xx_hal_cortex.o
                0x0000000008001542                HAL_NVIC_DisableIRQ
 .text.HAL_SYSTICK_Config
                0x000000000800155e       0x18 ./Drivers/STM32F4xx_HAL_Driver/Src/stm32f4xx_hal_cortex.o
                0x000000000800155e                HAL_SYSTICK_Config
 .text.HAL_EXTI_RegisterCallback
                0x0000000008001576       0x34 ./Drivers/STM32F4xx_HAL_Driver/Src/stm32f4xx_hal_exti.o
                0x0000000008001576                HAL_EXTI_RegisterCallback
 .text.HAL_EXTI_GetHandle
                0x00000000080015aa       0x28 ./Drivers/STM32F4xx_HAL_Driver/Src/stm32f4xx_hal_exti.o
                0x00000000080015aa                HAL_EXTI_GetHandle
 *fill*         0x00000000080015d2        0x2 
 .text.HAL_EXTI_IRQHandler
                0x00000000080015d4       0x48 ./Drivers/STM32F4xx_HAL_Driver/Src/stm32f4xx_hal_exti.o
                0x00000000080015d4                HAL_EXTI_IRQHandler
 .text.HAL_GPIO_Init
                0x000000000800161c      0x308 ./Drivers/STM32F4xx_HAL_Driver/Src/stm32f4xx_hal_gpio.o
                0x000000000800161c                HAL_GPIO_Init
 .text.HAL_GPIO_DeInit
                0x0000000008001924      0x1c8 ./Drivers/STM32F4xx_HAL_Driver/Src/stm32f4xx_hal_gpio.o
                0x0000000008001924                HAL_GPIO_DeInit
 .text.HAL_GPIO_ReadPin
                0x0000000008001aec       0x30 ./Drivers/STM32F4xx_HAL_Driver/Src/stm32f4xx_hal_gpio.o
                0x0000000008001aec                HAL_GPIO_ReadPin
 .text.HAL_GPIO_WritePin
                0x0000000008001b1c       0x32 ./Drivers/STM32F4xx_HAL_Driver/Src/stm32f4xx_hal_gpio.o
                0x0000000008001b1c                HAL_GPIO_WritePin
 *fill*         0x0000000008001b4e        0x2 
 .text.HAL_GPIO_EXTI_IRQHandler
                0x0000000008001b50       0x30 ./Drivers/STM32F4xx_HAL_Driver/Src/stm32f4xx_hal_gpio.o
                0x0000000008001b50                HAL_GPIO_EXTI_IRQHandler
 .text.HAL_GPIO_EXTI_Callback
                0x0000000008001b80       0x16 ./Drivers/STM32F4xx_HAL_Driver/Src/stm32f4xx_hal_gpio.o
                0x0000000008001b80                HAL_GPIO_EXTI_Callback
 *fill*         0x0000000008001b96        0x2 
 .text.HAL_RCC_OscConfig
                0x0000000008001b98      0x4f0 ./Drivers/STM32F4xx_HAL_Driver/Src/stm32f4xx_hal_rcc.o
                0x0000000008001b98                HAL_RCC_OscConfig
 .text.HAL_RCC_ClockConfig
                0x0000000008002088      0x1cc ./Drivers/STM32F4xx_HAL_Driver/Src/stm32f4xx_hal_rcc.o
                0x0000000008002088                HAL_RCC_ClockConfig
 .text.HAL_RCC_GetSysClockFreq
                0x0000000008002254      0x20c ./Drivers/STM32F4xx_HAL_Driver/Src/stm32f4xx_hal_rcc.o
                0x0000000008002254                HAL_RCC_GetSysClockFreq
 .text.HAL_RCC_GetHCLKFreq
                0x0000000008002460       0x18 ./Drivers/STM32F4xx_HAL_Driver/Src/stm32f4xx_hal_rcc.o
                0x0000000008002460                HAL_RCC_GetHCLKFreq
 .text.HAL_RCC_GetPCLK1Freq
                0x0000000008002478       0x28 ./Drivers/STM32F4xx_HAL_Driver/Src/stm32f4xx_hal_rcc.o
                0x0000000008002478                HAL_RCC_GetPCLK1Freq
 .text.HAL_RCC_GetPCLK2Freq
                0x00000000080024a0       0x28 ./Drivers/STM32F4xx_HAL_Driver/Src/stm32f4xx_hal_rcc.o
                0x00000000080024a0                HAL_RCC_GetPCLK2Freq
 .text.HAL_SPI_Init
                0x00000000080024c8      0x112 ./Drivers/STM32F4xx_HAL_Driver/Src/stm32f4xx_hal_spi.o
                0x00000000080024c8                HAL_SPI_Init
 .text.HAL_SPI_MspInit
                0x00000000080025da       0x14 ./Drivers/STM32F4xx_HAL_Driver/Src/stm32f4xx_hal_spi.o
                0x00000000080025da                HAL_SPI_MspInit
 .text.HAL_SPI_TransmitReceive
                0x00000000080025ee      0x360 ./Drivers/STM32F4xx_HAL_Driver/Src/stm32f4xx_hal_spi.o
                0x00000000080025ee                HAL_SPI_TransmitReceive
 .text.HAL_SPI_GetState
                0x000000000800294e       0x1c ./Drivers/STM32F4xx_HAL_Driver/Src/stm32f4xx_hal_spi.o
                0x000000000800294e                HAL_SPI_GetState
 *fill*         0x000000000800296a        0x2 
 .text.SPI_WaitFlagStateUntilTimeout
                0x000000000800296c      0x110 ./Drivers/STM32F4xx_HAL_Driver/Src/stm32f4xx_hal_spi.o
 .text.SPI_EndRxTxTransaction
                0x0000000008002a7c       0xa8 ./Drivers/STM32F4xx_HAL_Driver/Src/stm32f4xx_hal_spi.o
 .text.HAL_UART_Init
                0x0000000008002b24       0xa0 ./Drivers/STM32F4xx_HAL_Driver/Src/stm32f4xx_hal_uart.o
                0x0000000008002b24                HAL_UART_Init
 .text.HAL_UART_Transmit
                0x0000000008002bc4      0x116 ./Drivers/STM32F4xx_HAL_Driver/Src/stm32f4xx_hal_uart.o
                0x0000000008002bc4                HAL_UART_Transmit
 .text.UART_WaitOnFlagUntilTimeout
                0x0000000008002cda       0xb2 ./Drivers/STM32F4xx_HAL_Driver/Src/stm32f4xx_hal_uart.o
 .text.UART_EndRxTransfer
                0x0000000008002d8c       0xc6 ./Drivers/STM32F4xx_HAL_Driver/Src/stm32f4xx_hal_uart.o
 *fill*         0x0000000008002e52        0x2 
 .text.UART_SetConfig
                0x0000000008002e54      0x4e8 ./Drivers/STM32F4xx_HAL_Driver/Src/stm32f4xx_hal_uart.o
 .text.hci_reset
                0x000000000800333c       0x52 ./Middlewares/ST/BlueNRG-2/hci/bluenrg1_hci_le.o
                0x000000000800333c                hci_reset
 .text.aci_gap_set_discoverable
                0x000000000800338e      0x206 ./Middlewares/ST/BlueNRG-2/hci/controller/bluenrg1_gap_aci.o
                0x000000000800338e                aci_gap_set_discoverable
 .text.aci_gap_init
                0x0000000008003594      0x15a ./Middlewares/ST/BlueNRG-2/hci/controller/bluenrg1_gap_aci.o
                0x0000000008003594                aci_gap_init
 .text.aci_gatt_init
                0x00000000080036ee       0x54 ./Middlewares/ST/BlueNRG-2/hci/controller/bluenrg1_gatt_aci.o
                0x00000000080036ee                aci_gatt_init
 .text.aci_gatt_add_service
                0x0000000008003742      0x1ac ./Middlewares/ST/BlueNRG-2/hci/controller/bluenrg1_gatt_aci.o
                0x0000000008003742                aci_gatt_add_service
 .text.aci_gatt_update_char_value
                0x00000000080038ee      0x164 ./Middlewares/ST/BlueNRG-2/hci/controller/bluenrg1_gatt_aci.o
                0x00000000080038ee                aci_gatt_update_char_value
 .text.aci_hal_write_config_data
                0x0000000008003a52      0x11c ./Middlewares/ST/BlueNRG-2/hci/controller/bluenrg1_hal_aci.o
                0x0000000008003a52                aci_hal_write_config_data
 .text.verify_packet
                0x0000000008003b6e       0x40 ./Middlewares/ST/BlueNRG-2/hci/hci_tl_patterns/Basic/hci_tl.o
 *fill*         0x0000000008003bae        0x2 
 .text.send_cmd
                0x0000000008003bb0       0x80 ./Middlewares/ST/BlueNRG-2/hci/hci_tl_patterns/Basic/hci_tl.o
 .text.move_list
                0x0000000008003c30       0x38 ./Middlewares/ST/BlueNRG-2/hci/hci_tl_patterns/Basic/hci_tl.o
 .text.free_event_list
                0x0000000008003c68       0x3c ./Middlewares/ST/BlueNRG-2/hci/hci_tl_patterns/Basic/hci_tl.o
 .text.hci_init
                0x0000000008003ca4       0x84 ./Middlewares/ST/BlueNRG-2/hci/hci_tl_patterns/Basic/hci_tl.o
                0x0000000008003ca4                hci_init
 .text.hci_register_io_bus
                0x0000000008003d28       0x40 ./Middlewares/ST/BlueNRG-2/hci/hci_tl_patterns/Basic/hci_tl.o
                0x0000000008003d28                hci_register_io_bus
 .text.hci_send_req
                0x0000000008003d68      0x230 ./Middlewares/ST/BlueNRG-2/hci/hci_tl_patterns/Basic/hci_tl.o
                0x0000000008003d68                hci_send_req
 .text.hci_notify_asynch_evt
                0x0000000008003f98       0x9c ./Middlewares/ST/BlueNRG-2/hci/hci_tl_patterns/Basic/hci_tl.o
                0x0000000008003f98                hci_notify_asynch_evt
 .text.list_init_head
                0x0000000008004034       0x20 ./Middlewares/ST/BlueNRG-2/utils/ble_list.o
                0x0000000008004034                list_init_head
 .text.list_is_empty
                0x0000000008004054       0x44 ./Middlewares/ST/BlueNRG-2/utils/ble_list.o
                0x0000000008004054                list_is_empty
 .text.list_insert_head
                0x0000000008004098       0x4c ./Middlewares/ST/BlueNRG-2/utils/ble_list.o
                0x0000000008004098                list_insert_head
 .text.list_insert_tail
                0x00000000080040e4       0x4c ./Middlewares/ST/BlueNRG-2/utils/ble_list.o
                0x00000000080040e4                list_insert_tail
 .text.list_remove_node
                0x0000000008004130       0x42 ./Middlewares/ST/BlueNRG-2/utils/ble_list.o
                0x0000000008004130                list_remove_node
 .text.list_remove_head
                0x0000000008004172       0x4e ./Middlewares/ST/BlueNRG-2/utils/ble_list.o
                0x0000000008004172                list_remove_head
 .text.list_remove_tail
                0x00000000080041c0       0x4e ./Middlewares/ST/BlueNRG-2/utils/ble_list.o
                0x00000000080041c0                list_remove_tail
 .text.list_get_size
                0x000000000800420e       0x50 ./Middlewares/ST/BlueNRG-2/utils/ble_list.o
                0x000000000800420e                list_get_size
 *fill*         0x000000000800425e        0x2 
 .text.std      0x0000000008004260       0x6c /opt/st/stm32cubeide_1.14.0/plugins/com.st.stm32cube.ide.mcu.externaltools.gnu-tools-for-stm32.11.3.rel1.linux64_1.1.100.202309141235/tools/bin/../lib/gcc/arm-none-eabi/11.3.1/../../../../arm-none-eabi/lib/thumb/v7e-m+fp/hard/libc_nano.a(libc_a-findfp.o)
 .text.stdio_exit_handler
                0x00000000080042cc       0x18 /opt/st/stm32cubeide_1.14.0/plugins/com.st.stm32cube.ide.mcu.externaltools.gnu-tools-for-stm32.11.3.rel1.linux64_1.1.100.202309141235/tools/bin/../lib/gcc/arm-none-eabi/11.3.1/../../../../arm-none-eabi/lib/thumb/v7e-m+fp/hard/libc_nano.a(libc_a-findfp.o)
 .text.cleanup_stdio
                0x00000000080042e4       0x40 /opt/st/stm32cubeide_1.14.0/plugins/com.st.stm32cube.ide.mcu.externaltools.gnu-tools-for-stm32.11.3.rel1.linux64_1.1.100.202309141235/tools/bin/../lib/gcc/arm-none-eabi/11.3.1/../../../../arm-none-eabi/lib/thumb/v7e-m+fp/hard/libc_nano.a(libc_a-findfp.o)
 .text.global_stdio_init.part.0
                0x0000000008004324       0x3c /opt/st/stm32cubeide_1.14.0/plugins/com.st.stm32cube.ide.mcu.externaltools.gnu-tools-for-stm32.11.3.rel1.linux64_1.1.100.202309141235/tools/bin/../lib/gcc/arm-none-eabi/11.3.1/../../../../arm-none-eabi/lib/thumb/v7e-m+fp/hard/libc_nano.a(libc_a-findfp.o)
 .text.__sfp_lock_acquire
                0x0000000008004360        0xc /opt/st/stm32cubeide_1.14.0/plugins/com.st.stm32cube.ide.mcu.externaltools.gnu-tools-for-stm32.11.3.rel1.linux64_1.1.100.202309141235/tools/bin/../lib/gcc/arm-none-eabi/11.3.1/../../../../arm-none-eabi/lib/thumb/v7e-m+fp/hard/libc_nano.a(libc_a-findfp.o)
                0x0000000008004360                __sfp_lock_acquire
 .text.__sfp_lock_release
                0x000000000800436c        0xc /opt/st/stm32cubeide_1.14.0/plugins/com.st.stm32cube.ide.mcu.externaltools.gnu-tools-for-stm32.11.3.rel1.linux64_1.1.100.202309141235/tools/bin/../lib/gcc/arm-none-eabi/11.3.1/../../../../arm-none-eabi/lib/thumb/v7e-m+fp/hard/libc_nano.a(libc_a-findfp.o)
                0x000000000800436c                __sfp_lock_release
 .text.__sinit  0x0000000008004378       0x30 /opt/st/stm32cubeide_1.14.0/plugins/com.st.stm32cube.ide.mcu.externaltools.gnu-tools-for-stm32.11.3.rel1.linux64_1.1.100.202309141235/tools/bin/../lib/gcc/arm-none-eabi/11.3.1/../../../../arm-none-eabi/lib/thumb/v7e-m+fp/hard/libc_nano.a(libc_a-findfp.o)
                0x0000000008004378                __sinit
 .text._fwalk_sglue
                0x00000000080043a8       0x3c /opt/st/stm32cubeide_1.14.0/plugins/com.st.stm32cube.ide.mcu.externaltools.gnu-tools-for-stm32.11.3.rel1.linux64_1.1.100.202309141235/tools/bin/../lib/gcc/arm-none-eabi/11.3.1/../../../../arm-none-eabi/lib/thumb/v7e-m+fp/hard/libc_nano.a(libc_a-fwalk.o)
                0x00000000080043a8                _fwalk_sglue
 .text._puts_r  0x00000000080043e4       0xa8 /opt/st/stm32cubeide_1.14.0/plugins/com.st.stm32cube.ide.mcu.externaltools.gnu-tools-for-stm32.11.3.rel1.linux64_1.1.100.202309141235/tools/bin/../lib/gcc/arm-none-eabi/11.3.1/../../../../arm-none-eabi/lib/thumb/v7e-m+fp/hard/libc_nano.a(libc_a-puts.o)
                0x00000000080043e4                _puts_r
 .text.puts     0x000000000800448c       0x10 /opt/st/stm32cubeide_1.14.0/plugins/com.st.stm32cube.ide.mcu.externaltools.gnu-tools-for-stm32.11.3.rel1.linux64_1.1.100.202309141235/tools/bin/../lib/gcc/arm-none-eabi/11.3.1/../../../../arm-none-eabi/lib/thumb/v7e-m+fp/hard/libc_nano.a(libc_a-puts.o)
                0x000000000800448c                puts
 .text.__sread  0x000000000800449c       0x22 /opt/st/stm32cubeide_1.14.0/plugins/com.st.stm32cube.ide.mcu.externaltools.gnu-tools-for-stm32.11.3.rel1.linux64_1.1.100.202309141235/tools/bin/../lib/gcc/arm-none-eabi/11.3.1/../../../../arm-none-eabi/lib/thumb/v7e-m+fp/hard/libc_nano.a(libc_a-stdio.o)
                0x000000000800449c                __sread
 .text.__swrite
                0x00000000080044be       0x38 /opt/st/stm32cubeide_1.14.0/plugins/com.st.stm32cube.ide.mcu.externaltools.gnu-tools-for-stm32.11.3.rel1.linux64_1.1.100.202309141235/tools/bin/../lib/gcc/arm-none-eabi/11.3.1/../../../../arm-none-eabi/lib/thumb/v7e-m+fp/hard/libc_nano.a(libc_a-stdio.o)
                0x00000000080044be                __swrite
 .text.__sseek  0x00000000080044f6       0x24 /opt/st/stm32cubeide_1.14.0/plugins/com.st.stm32cube.ide.mcu.externaltools.gnu-tools-for-stm32.11.3.rel1.linux64_1.1.100.202309141235/tools/bin/../lib/gcc/arm-none-eabi/11.3.1/../../../../arm-none-eabi/lib/thumb/v7e-m+fp/hard/libc_nano.a(libc_a-stdio.o)
                0x00000000080044f6                __sseek
 .text.__sclose
                0x000000000800451a        0x8 /opt/st/stm32cubeide_1.14.0/plugins/com.st.stm32cube.ide.mcu.externaltools.gnu-tools-for-stm32.11.3.rel1.linux64_1.1.100.202309141235/tools/bin/../lib/gcc/arm-none-eabi/11.3.1/../../../../arm-none-eabi/lib/thumb/v7e-m+fp/hard/libc_nano.a(libc_a-stdio.o)
                0x000000000800451a                __sclose
 .text.__swbuf_r
                0x0000000008004522       0x7a /opt/st/stm32cubeide_1.14.0/plugins/com.st.stm32cube.ide.mcu.externaltools.gnu-tools-for-stm32.11.3.rel1.linux64_1.1.100.202309141235/tools/bin/../lib/gcc/arm-none-eabi/11.3.1/../../../../arm-none-eabi/lib/thumb/v7e-m+fp/hard/libc_nano.a(libc_a-wbuf.o)
                0x0000000008004522                __swbuf_r
 .text.__swsetup_r
                0x000000000800459c       0xb0 /opt/st/stm32cubeide_1.14.0/plugins/com.st.stm32cube.ide.mcu.externaltools.gnu-tools-for-stm32.11.3.rel1.linux64_1.1.100.202309141235/tools/bin/../lib/gcc/arm-none-eabi/11.3.1/../../../../arm-none-eabi/lib/thumb/v7e-m+fp/hard/libc_nano.a(libc_a-wsetup.o)
                0x000000000800459c                __swsetup_r
 .text.memset   0x000000000800464c       0x10 /opt/st/stm32cubeide_1.14.0/plugins/com.st.stm32cube.ide.mcu.externaltools.gnu-tools-for-stm32.11.3.rel1.linux64_1.1.100.202309141235/tools/bin/../lib/gcc/arm-none-eabi/11.3.1/../../../../arm-none-eabi/lib/thumb/v7e-m+fp/hard/libc_nano.a(libc_a-memset.o)
                0x000000000800464c                memset
 .text._close_r
                0x000000000800465c       0x20 /opt/st/stm32cubeide_1.14.0/plugins/com.st.stm32cube.ide.mcu.externaltools.gnu-tools-for-stm32.11.3.rel1.linux64_1.1.100.202309141235/tools/bin/../lib/gcc/arm-none-eabi/11.3.1/../../../../arm-none-eabi/lib/thumb/v7e-m+fp/hard/libc_nano.a(libc_a-closer.o)
                0x000000000800465c                _close_r
 .text._lseek_r
                0x000000000800467c       0x24 /opt/st/stm32cubeide_1.14.0/plugins/com.st.stm32cube.ide.mcu.externaltools.gnu-tools-for-stm32.11.3.rel1.linux64_1.1.100.202309141235/tools/bin/../lib/gcc/arm-none-eabi/11.3.1/../../../../arm-none-eabi/lib/thumb/v7e-m+fp/hard/libc_nano.a(libc_a-lseekr.o)
                0x000000000800467c                _lseek_r
 .text._read_r  0x00000000080046a0       0x24 /opt/st/stm32cubeide_1.14.0/plugins/com.st.stm32cube.ide.mcu.externaltools.gnu-tools-for-stm32.11.3.rel1.linux64_1.1.100.202309141235/tools/bin/../lib/gcc/arm-none-eabi/11.3.1/../../../../arm-none-eabi/lib/thumb/v7e-m+fp/hard/libc_nano.a(libc_a-readr.o)
                0x00000000080046a0                _read_r
 .text._write_r
                0x00000000080046c4       0x24 /opt/st/stm32cubeide_1.14.0/plugins/com.st.stm32cube.ide.mcu.externaltools.gnu-tools-for-stm32.11.3.rel1.linux64_1.1.100.202309141235/tools/bin/../lib/gcc/arm-none-eabi/11.3.1/../../../../arm-none-eabi/lib/thumb/v7e-m+fp/hard/libc_nano.a(libc_a-writer.o)
                0x00000000080046c4                _write_r
 .text.__errno  0x00000000080046e8        0xc /opt/st/stm32cubeide_1.14.0/plugins/com.st.stm32cube.ide.mcu.externaltools.gnu-tools-for-stm32.11.3.rel1.linux64_1.1.100.202309141235/tools/bin/../lib/gcc/arm-none-eabi/11.3.1/../../../../arm-none-eabi/lib/thumb/v7e-m+fp/hard/libc_nano.a(libc_a-errno.o)
                0x00000000080046e8                __errno
 .text.__libc_init_array
                0x00000000080046f4       0x48 /opt/st/stm32cubeide_1.14.0/plugins/com.st.stm32cube.ide.mcu.externaltools.gnu-tools-for-stm32.11.3.rel1.linux64_1.1.100.202309141235/tools/bin/../lib/gcc/arm-none-eabi/11.3.1/../../../../arm-none-eabi/lib/thumb/v7e-m+fp/hard/libc_nano.a(libc_a-init.o)
                0x00000000080046f4                __libc_init_array
 .text.__retarget_lock_init_recursive
                0x000000000800473c        0x2 /opt/st/stm32cubeide_1.14.0/plugins/com.st.stm32cube.ide.mcu.externaltools.gnu-tools-for-stm32.11.3.rel1.linux64_1.1.100.202309141235/tools/bin/../lib/gcc/arm-none-eabi/11.3.1/../../../../arm-none-eabi/lib/thumb/v7e-m+fp/hard/libc_nano.a(libc_a-lock.o)
                0x000000000800473c                __retarget_lock_init_recursive
 .text.__retarget_lock_acquire_recursive
                0x000000000800473e        0x2 /opt/st/stm32cubeide_1.14.0/plugins/com.st.stm32cube.ide.mcu.externaltools.gnu-tools-for-stm32.11.3.rel1.linux64_1.1.100.202309141235/tools/bin/../lib/gcc/arm-none-eabi/11.3.1/../../../../arm-none-eabi/lib/thumb/v7e-m+fp/hard/libc_nano.a(libc_a-lock.o)
                0x000000000800473e                __retarget_lock_acquire_recursive
 .text.__retarget_lock_release_recursive
                0x0000000008004740        0x2 /opt/st/stm32cubeide_1.14.0/plugins/com.st.stm32cube.ide.mcu.externaltools.gnu-tools-for-stm32.11.3.rel1.linux64_1.1.100.202309141235/tools/bin/../lib/gcc/arm-none-eabi/11.3.1/../../../../arm-none-eabi/lib/thumb/v7e-m+fp/hard/libc_nano.a(libc_a-lock.o)
                0x0000000008004740                __retarget_lock_release_recursive
 .text.memcpy   0x0000000008004742       0x1c /opt/st/stm32cubeide_1.14.0/plugins/com.st.stm32cube.ide.mcu.externaltools.gnu-tools-for-stm32.11.3.rel1.linux64_1.1.100.202309141235/tools/bin/../lib/gcc/arm-none-eabi/11.3.1/../../../../arm-none-eabi/lib/thumb/v7e-m+fp/hard/libc_nano.a(libc_a-memcpy-stub.o)
                0x0000000008004742                memcpy
 *fill*         0x000000000800475e        0x2 
 .text._free_r  0x0000000008004760       0x98 /opt/st/stm32cubeide_1.14.0/plugins/com.st.stm32cube.ide.mcu.externaltools.gnu-tools-for-stm32.11.3.rel1.linux64_1.1.100.202309141235/tools/bin/../lib/gcc/arm-none-eabi/11.3.1/../../../../arm-none-eabi/lib/thumb/v7e-m+fp/hard/libc_nano.a(libc_a-freer.o)
                0x0000000008004760                _free_r
 .text.sbrk_aligned
                0x00000000080047f8       0x40 /opt/st/stm32cubeide_1.14.0/plugins/com.st.stm32cube.ide.mcu.externaltools.gnu-tools-for-stm32.11.3.rel1.linux64_1.1.100.202309141235/tools/bin/../lib/gcc/arm-none-eabi/11.3.1/../../../../arm-none-eabi/lib/thumb/v7e-m+fp/hard/libc_nano.a(libc_a-mallocr.o)
 .text._malloc_r
                0x0000000008004838      0x100 /opt/st/stm32cubeide_1.14.0/plugins/com.st.stm32cube.ide.mcu.externaltools.gnu-tools-for-stm32.11.3.rel1.linux64_1.1.100.202309141235/tools/bin/../lib/gcc/arm-none-eabi/11.3.1/../../../../arm-none-eabi/lib/thumb/v7e-m+fp/hard/libc_nano.a(libc_a-mallocr.o)
                0x0000000008004838                _malloc_r
 .text.__malloc_lock
                0x0000000008004938        0xc /opt/st/stm32cubeide_1.14.0/plugins/com.st.stm32cube.ide.mcu.externaltools.gnu-tools-for-stm32.11.3.rel1.linux64_1.1.100.202309141235/tools/bin/../lib/gcc/arm-none-eabi/11.3.1/../../../../arm-none-eabi/lib/thumb/v7e-m+fp/hard/libc_nano.a(libc_a-mlock.o)
                0x0000000008004938                __malloc_lock
 .text.__malloc_unlock
                0x0000000008004944        0xc /opt/st/stm32cubeide_1.14.0/plugins/com.st.stm32cube.ide.mcu.externaltools.gnu-tools-for-stm32.11.3.rel1.linux64_1.1.100.202309141235/tools/bin/../lib/gcc/arm-none-eabi/11.3.1/../../../../arm-none-eabi/lib/thumb/v7e-m+fp/hard/libc_nano.a(libc_a-mlock.o)
                0x0000000008004944                __malloc_unlock
 .text.__sflush_r
                0x0000000008004950      0x10c /opt/st/stm32cubeide_1.14.0/plugins/com.st.stm32cube.ide.mcu.externaltools.gnu-tools-for-stm32.11.3.rel1.linux64_1.1.100.202309141235/tools/bin/../lib/gcc/arm-none-eabi/11.3.1/../../../../arm-none-eabi/lib/thumb/v7e-m+fp/hard/libc_nano.a(libc_a-fflush.o)
                0x0000000008004950                __sflush_r
 .text._fflush_r
                0x0000000008004a5c       0x50 /opt/st/stm32cubeide_1.14.0/plugins/com.st.stm32cube.ide.mcu.externaltools.gnu-tools-for-stm32.11.3.rel1.linux64_1.1.100.202309141235/tools/bin/../lib/gcc/arm-none-eabi/11.3.1/../../../../arm-none-eabi/lib/thumb/v7e-m+fp/hard/libc_nano.a(libc_a-fflush.o)
                0x0000000008004a5c                _fflush_r
 .text.__swhatbuf_r
                0x0000000008004aac       0x4c /opt/st/stm32cubeide_1.14.0/plugins/com.st.stm32cube.ide.mcu.externaltools.gnu-tools-for-stm32.11.3.rel1.linux64_1.1.100.202309141235/tools/bin/../lib/gcc/arm-none-eabi/11.3.1/../../../../arm-none-eabi/lib/thumb/v7e-m+fp/hard/libc_nano.a(libc_a-makebuf.o)
                0x0000000008004aac                __swhatbuf_r
 .text.__smakebuf_r
                0x0000000008004af8       0x78 /opt/st/stm32cubeide_1.14.0/plugins/com.st.stm32cube.ide.mcu.externaltools.gnu-tools-for-stm32.11.3.rel1.linux64_1.1.100.202309141235/tools/bin/../lib/gcc/arm-none-eabi/11.3.1/../../../../arm-none-eabi/lib/thumb/v7e-m+fp/hard/libc_nano.a(libc_a-makebuf.o)
                0x0000000008004af8                __smakebuf_r
 .text._fstat_r
                0x0000000008004b70       0x24 /opt/st/stm32cubeide_1.14.0/plugins/com.st.stm32cube.ide.mcu.externaltools.gnu-tools-for-stm32.11.3.rel1.linux64_1.1.100.202309141235/tools/bin/../lib/gcc/arm-none-eabi/11.3.1/../../../../arm-none-eabi/lib/thumb/v7e-m+fp/hard/libc_nano.a(libc_a-fstatr.o)
                0x0000000008004b70                _fstat_r
 .text._isatty_r
                0x0000000008004b94       0x20 /opt/st/stm32cubeide_1.14.0/plugins/com.st.stm32cube.ide.mcu.externaltools.gnu-tools-for-stm32.11.3.rel1.linux64_1.1.100.202309141235/tools/bin/../lib/gcc/arm-none-eabi/11.3.1/../../../../arm-none-eabi/lib/thumb/v7e-m+fp/hard/libc_nano.a(libc_a-isattyr.o)
                0x0000000008004b94                _isatty_r
 .text._sbrk_r  0x0000000008004bb4       0x20 /opt/st/stm32cubeide_1.14.0/plugins/com.st.stm32cube.ide.mcu.externaltools.gnu-tools-for-stm32.11.3.rel1.linux64_1.1.100.202309141235/tools/bin/../lib/gcc/arm-none-eabi/11.3.1/../../../../arm-none-eabi/lib/thumb/v7e-m+fp/hard/libc_nano.a(libc_a-sbrkr.o)
                0x0000000008004bb4                _sbrk_r
 *(.glue_7)
 .glue_7        0x0000000008004bd4        0x0 linker stubs
 *(.glue_7t)
 .glue_7t       0x0000000008004bd4        0x0 linker stubs
 *(.eh_frame)
 .eh_frame      0x0000000008004bd4        0x0 /opt/st/stm32cubeide_1.14.0/plugins/com.st.stm32cube.ide.mcu.externaltools.gnu-tools-for-stm32.11.3.rel1.linux64_1.1.100.202309141235/tools/bin/../lib/gcc/arm-none-eabi/11.3.1/thumb/v7e-m+fp/hard/crtbegin.o
 *(.init)
 .init          0x0000000008004bd4        0x4 /opt/st/stm32cubeide_1.14.0/plugins/com.st.stm32cube.ide.mcu.externaltools.gnu-tools-for-stm32.11.3.rel1.linux64_1.1.100.202309141235/tools/bin/../lib/gcc/arm-none-eabi/11.3.1/thumb/v7e-m+fp/hard/crti.o
                0x0000000008004bd4                _init
 .init          0x0000000008004bd8        0x8 /opt/st/stm32cubeide_1.14.0/plugins/com.st.stm32cube.ide.mcu.externaltools.gnu-tools-for-stm32.11.3.rel1.linux64_1.1.100.202309141235/tools/bin/../lib/gcc/arm-none-eabi/11.3.1/thumb/v7e-m+fp/hard/crtn.o
 *(.fini)
 .fini          0x0000000008004be0        0x4 /opt/st/stm32cubeide_1.14.0/plugins/com.st.stm32cube.ide.mcu.externaltools.gnu-tools-for-stm32.11.3.rel1.linux64_1.1.100.202309141235/tools/bin/../lib/gcc/arm-none-eabi/11.3.1/thumb/v7e-m+fp/hard/crti.o
                0x0000000008004be0                _fini
 .fini          0x0000000008004be4        0x8 /opt/st/stm32cubeide_1.14.0/plugins/com.st.stm32cube.ide.mcu.externaltools.gnu-tools-for-stm32.11.3.rel1.linux64_1.1.100.202309141235/tools/bin/../lib/gcc/arm-none-eabi/11.3.1/thumb/v7e-m+fp/hard/crtn.o
                0x0000000008004bec                . = ALIGN (0x4)
                0x0000000008004bec                _etext = .

.vfp11_veneer   0x0000000008004bec        0x0
 .vfp11_veneer  0x0000000008004bec        0x0 linker stubs

.v4_bx          0x0000000008004bec        0x0
 .v4_bx         0x0000000008004bec        0x0 linker stubs

.iplt           0x0000000008004bec        0x0
 .iplt          0x0000000008004bec        0x0 /opt/st/stm32cubeide_1.14.0/plugins/com.st.stm32cube.ide.mcu.externaltools.gnu-tools-for-stm32.11.3.rel1.linux64_1.1.100.202309141235/tools/bin/../lib/gcc/arm-none-eabi/11.3.1/thumb/v7e-m+fp/hard/crtbegin.o

.rodata         0x0000000008004bec      0x104
                0x0000000008004bec                . = ALIGN (0x4)
 *(.rodata)
 .rodata        0x0000000008004bec        0xd ./BlueNRG-2/Target/hci_tl_interface.o
 *fill*         0x0000000008004bf9        0x3 
 .rodata        0x0000000008004bfc       0xad ./Core/Src/app_bluenrg.o
 *fill*         0x0000000008004ca9        0x3 
 .rodata        0x0000000008004cac       0x1a ./Core/Src/main.o
 *(.rodata*)
 *fill*         0x0000000008004cc6        0x2 
 .rodata.SERVICE_UUID
                0x0000000008004cc8       0x10 ./Core/Src/service.o
                0x0000000008004cc8                SERVICE_UUID
 .rodata.AHBPrescTable
                0x0000000008004cd8       0x10 ./Core/Src/system_stm32f4xx.o
                0x0000000008004cd8                AHBPrescTable
 .rodata.APBPrescTable
                0x0000000008004ce8        0x8 ./Core/Src/system_stm32f4xx.o
                0x0000000008004ce8                APBPrescTable
                0x0000000008004cf0                . = ALIGN (0x4)

.ARM.extab      0x0000000008004cf0        0x0
                0x0000000008004cf0                . = ALIGN (0x4)
 *(.ARM.extab* .gnu.linkonce.armextab.*)
                0x0000000008004cf0                . = ALIGN (0x4)

.ARM            0x0000000008004cf0        0x8
                0x0000000008004cf0                . = ALIGN (0x4)
                0x0000000008004cf0                __exidx_start = .
 *(.ARM.exidx*)
 .ARM.exidx     0x0000000008004cf0        0x8 /opt/st/stm32cubeide_1.14.0/plugins/com.st.stm32cube.ide.mcu.externaltools.gnu-tools-for-stm32.11.3.rel1.linux64_1.1.100.202309141235/tools/bin/../lib/gcc/arm-none-eabi/11.3.1/thumb/v7e-m+fp/hard/libgcc.a(_udivmoddi4.o)
                0x0000000008004cf8                __exidx_end = .
                0x0000000008004cf8                . = ALIGN (0x4)

.rel.dyn        0x0000000008004cf8        0x0
 .rel.iplt      0x0000000008004cf8        0x0 /opt/st/stm32cubeide_1.14.0/plugins/com.st.stm32cube.ide.mcu.externaltools.gnu-tools-for-stm32.11.3.rel1.linux64_1.1.100.202309141235/tools/bin/../lib/gcc/arm-none-eabi/11.3.1/thumb/v7e-m+fp/hard/crtbegin.o

.preinit_array  0x0000000008004cf8        0x0
                0x0000000008004cf8                . = ALIGN (0x4)
                0x0000000008004cf8                PROVIDE (__preinit_array_start = .)
 *(.preinit_array*)
                0x0000000008004cf8                PROVIDE (__preinit_array_end = .)
                0x0000000008004cf8                . = ALIGN (0x4)

.init_array     0x0000000008004cf8        0x4
                0x0000000008004cf8                . = ALIGN (0x4)
                0x0000000008004cf8                PROVIDE (__init_array_start = .)
 *(SORT_BY_NAME(.init_array.*))
 *(.init_array*)
 .init_array    0x0000000008004cf8        0x4 /opt/st/stm32cubeide_1.14.0/plugins/com.st.stm32cube.ide.mcu.externaltools.gnu-tools-for-stm32.11.3.rel1.linux64_1.1.100.202309141235/tools/bin/../lib/gcc/arm-none-eabi/11.3.1/thumb/v7e-m+fp/hard/crtbegin.o
                0x0000000008004cfc                PROVIDE (__init_array_end = .)
                0x0000000008004cfc                . = ALIGN (0x4)

.fini_array     0x0000000008004cfc        0x4
                0x0000000008004cfc                . = ALIGN (0x4)
                [!provide]                        PROVIDE (__fini_array_start = .)
 *(SORT_BY_NAME(.fini_array.*))
 *(.fini_array*)
 .fini_array    0x0000000008004cfc        0x4 /opt/st/stm32cubeide_1.14.0/plugins/com.st.stm32cube.ide.mcu.externaltools.gnu-tools-for-stm32.11.3.rel1.linux64_1.1.100.202309141235/tools/bin/../lib/gcc/arm-none-eabi/11.3.1/thumb/v7e-m+fp/hard/crtbegin.o
                [!provide]                        PROVIDE (__fini_array_end = .)
                0x0000000008004d00                . = ALIGN (0x4)
                0x0000000008004d00                _sidata = LOADADDR (.data)

.data           0x0000000020000000       0x70 load address 0x0000000008004d00
                0x0000000020000000                . = ALIGN (0x4)
                0x0000000020000000                _sdata = .
 *(.data)
 *(.data*)
 .data.PUBADDR  0x0000000020000000        0x6 ./Core/Src/app_bluenrg.o
                0x0000000020000000                PUBADDR
 *fill*         0x0000000020000006        0x2 
 .data.SystemCoreClock
                0x0000000020000008        0x4 ./Core/Src/system_stm32f4xx.o
                0x0000000020000008                SystemCoreClock
 .data.uwTickPrio
                0x000000002000000c        0x4 ./Drivers/STM32F4xx_HAL_Driver/Src/stm32f4xx_hal.o
                0x000000002000000c                uwTickPrio
 .data.uwTickFreq
                0x0000000020000010        0x1 ./Drivers/STM32F4xx_HAL_Driver/Src/stm32f4xx_hal.o
                0x0000000020000010                uwTickFreq
 *fill*         0x0000000020000011        0x3 
 .data.__sglue  0x0000000020000014        0xc /opt/st/stm32cubeide_1.14.0/plugins/com.st.stm32cube.ide.mcu.externaltools.gnu-tools-for-stm32.11.3.rel1.linux64_1.1.100.202309141235/tools/bin/../lib/gcc/arm-none-eabi/11.3.1/../../../../arm-none-eabi/lib/thumb/v7e-m+fp/hard/libc_nano.a(libc_a-findfp.o)
                0x0000000020000014                __sglue
 .data._impure_data
                0x0000000020000020       0x4c /opt/st/stm32cubeide_1.14.0/plugins/com.st.stm32cube.ide.mcu.externaltools.gnu-tools-for-stm32.11.3.rel1.linux64_1.1.100.202309141235/tools/bin/../lib/gcc/arm-none-eabi/11.3.1/../../../../arm-none-eabi/lib/thumb/v7e-m+fp/hard/libc_nano.a(libc_a-impure.o)
                0x0000000020000020                _impure_data
 .data._impure_ptr
                0x000000002000006c        0x4 /opt/st/stm32cubeide_1.14.0/plugins/com.st.stm32cube.ide.mcu.externaltools.gnu-tools-for-stm32.11.3.rel1.linux64_1.1.100.202309141235/tools/bin/../lib/gcc/arm-none-eabi/11.3.1/../../../../arm-none-eabi/lib/thumb/v7e-m+fp/hard/libc_nano.a(libc_a-impure.o)
                0x000000002000006c                _impure_ptr
 *(.RamFunc)
 *(.RamFunc*)
                0x0000000020000070                . = ALIGN (0x4)
                0x0000000020000070                _edata = .

.igot.plt       0x0000000020000070        0x0 load address 0x0000000008004d70
 .igot.plt      0x0000000020000070        0x0 /opt/st/stm32cubeide_1.14.0/plugins/com.st.stm32cube.ide.mcu.externaltools.gnu-tools-for-stm32.11.3.rel1.linux64_1.1.100.202309141235/tools/bin/../lib/gcc/arm-none-eabi/11.3.1/thumb/v7e-m+fp/hard/crtbegin.o
                0x0000000020000070                . = ALIGN (0x4)

.bss            0x0000000020000070      0x8c8 load address 0x0000000008004d70
                0x0000000020000070                _sbss = .
                0x0000000020000070                __bss_start__ = _sbss
 *(.bss)
 .bss           0x0000000020000070       0x1c /opt/st/stm32cubeide_1.14.0/plugins/com.st.stm32cube.ide.mcu.externaltools.gnu-tools-for-stm32.11.3.rel1.linux64_1.1.100.202309141235/tools/bin/../lib/gcc/arm-none-eabi/11.3.1/thumb/v7e-m+fp/hard/crtbegin.o
 *(.bss*)
 .bss.hexti0    0x000000002000008c        0x8 ./BlueNRG-2/Target/hci_tl_interface.o
                0x000000002000008c                hexti0
 .bss.read_char_buf.0
                0x0000000020000094       0xff ./BlueNRG-2/Target/hci_tl_interface.o
 *fill*         0x0000000020000193        0x1 
 .bss.hspi1     0x0000000020000194       0x58 ./Core/Src/custom_bus.o
                0x0000000020000194                hspi1
 .bss.SPI1InitCounter
                0x00000000200001ec        0x4 ./Core/Src/custom_bus.o
 .bss.huart2    0x00000000200001f0       0x48 ./Core/Src/main.o
                0x00000000200001f0                huart2
 .bss.service_handle
                0x0000000020000238        0x2 ./Core/Src/service.o
                0x0000000020000238                service_handle
 *fill*         0x000000002000023a        0x2 
 .bss.__sbrk_heap_end
                0x000000002000023c        0x4 ./Core/Src/sysmem.o
 .bss.uwTick    0x0000000020000240        0x4 ./Drivers/STM32F4xx_HAL_Driver/Src/stm32f4xx_hal.o
                0x0000000020000240                uwTick
 .bss.hciReadPktPool
                0x0000000020000244        0x8 ./Middlewares/ST/BlueNRG-2/hci/hci_tl_patterns/Basic/hci_tl.o
                0x0000000020000244                hciReadPktPool
 .bss.hciReadPktRxQueue
                0x000000002000024c        0x8 ./Middlewares/ST/BlueNRG-2/hci/hci_tl_patterns/Basic/hci_tl.o
                0x000000002000024c                hciReadPktRxQueue
 .bss.hciReadPacketBuffer
                0x0000000020000254      0x578 ./Middlewares/ST/BlueNRG-2/hci/hci_tl_patterns/Basic/hci_tl.o
 .bss.hciContext
                0x00000000200007cc       0x20 ./Middlewares/ST/BlueNRG-2/hci/hci_tl_patterns/Basic/hci_tl.o
 .bss.__sf      0x00000000200007ec      0x138 /opt/st/stm32cubeide_1.14.0/plugins/com.st.stm32cube.ide.mcu.externaltools.gnu-tools-for-stm32.11.3.rel1.linux64_1.1.100.202309141235/tools/bin/../lib/gcc/arm-none-eabi/11.3.1/../../../../arm-none-eabi/lib/thumb/v7e-m+fp/hard/libc_nano.a(libc_a-findfp.o)
                0x00000000200007ec                __sf
 .bss.__stdio_exit_handler
                0x0000000020000924        0x4 /opt/st/stm32cubeide_1.14.0/plugins/com.st.stm32cube.ide.mcu.externaltools.gnu-tools-for-stm32.11.3.rel1.linux64_1.1.100.202309141235/tools/bin/../lib/gcc/arm-none-eabi/11.3.1/../../../../arm-none-eabi/lib/thumb/v7e-m+fp/hard/libc_nano.a(libc_a-findfp.o)
                0x0000000020000924                __stdio_exit_handler
 .bss.errno     0x0000000020000928        0x4 /opt/st/stm32cubeide_1.14.0/plugins/com.st.stm32cube.ide.mcu.externaltools.gnu-tools-for-stm32.11.3.rel1.linux64_1.1.100.202309141235/tools/bin/../lib/gcc/arm-none-eabi/11.3.1/../../../../arm-none-eabi/lib/thumb/v7e-m+fp/hard/libc_nano.a(libc_a-reent.o)
                0x0000000020000928                errno
 .bss.__lock___malloc_recursive_mutex
                0x000000002000092c        0x1 /opt/st/stm32cubeide_1.14.0/plugins/com.st.stm32cube.ide.mcu.externaltools.gnu-tools-for-stm32.11.3.rel1.linux64_1.1.100.202309141235/tools/bin/../lib/gcc/arm-none-eabi/11.3.1/../../../../arm-none-eabi/lib/thumb/v7e-m+fp/hard/libc_nano.a(libc_a-lock.o)
                0x000000002000092c                __lock___malloc_recursive_mutex
 .bss.__lock___sfp_recursive_mutex
                0x000000002000092d        0x1 /opt/st/stm32cubeide_1.14.0/plugins/com.st.stm32cube.ide.mcu.externaltools.gnu-tools-for-stm32.11.3.rel1.linux64_1.1.100.202309141235/tools/bin/../lib/gcc/arm-none-eabi/11.3.1/../../../../arm-none-eabi/lib/thumb/v7e-m+fp/hard/libc_nano.a(libc_a-lock.o)
                0x000000002000092d                __lock___sfp_recursive_mutex
 *fill*         0x000000002000092e        0x2 
 .bss.__malloc_free_list
                0x0000000020000930        0x4 /opt/st/stm32cubeide_1.14.0/plugins/com.st.stm32cube.ide.mcu.externaltools.gnu-tools-for-stm32.11.3.rel1.linux64_1.1.100.202309141235/tools/bin/../lib/gcc/arm-none-eabi/11.3.1/../../../../arm-none-eabi/lib/thumb/v7e-m+fp/hard/libc_nano.a(libc_a-mallocr.o)
                0x0000000020000930                __malloc_free_list
 .bss.__malloc_sbrk_start
                0x0000000020000934        0x4 /opt/st/stm32cubeide_1.14.0/plugins/com.st.stm32cube.ide.mcu.externaltools.gnu-tools-for-stm32.11.3.rel1.linux64_1.1.100.202309141235/tools/bin/../lib/gcc/arm-none-eabi/11.3.1/../../../../arm-none-eabi/lib/thumb/v7e-m+fp/hard/libc_nano.a(libc_a-mallocr.o)
                0x0000000020000934                __malloc_sbrk_start
 *(COMMON)
                0x0000000020000938                . = ALIGN (0x4)
                0x0000000020000938                _ebss = .
                0x0000000020000938                __bss_end__ = _ebss

._user_heap_stack
                0x0000000020000938      0x600 load address 0x0000000008004d70
                0x0000000020000938                . = ALIGN (0x8)
                [!provide]                        PROVIDE (end = .)
                0x0000000020000938                PROVIDE (_end = .)
                0x0000000020000b38                . = (. + _Min_Heap_Size)
 *fill*         0x0000000020000938      0x200 
                0x0000000020000f38                . = (. + _Min_Stack_Size)
 *fill*         0x0000000020000b38      0x400 
                0x0000000020000f38                . = ALIGN (0x8)

/DISCARD/
 libc.a(*)
 libm.a(*)
 libgcc.a(*)

.ARM.attributes
                0x0000000000000000       0x30
 *(.ARM.attributes)
 .ARM.attributes
                0x0000000000000000       0x1e /opt/st/stm32cubeide_1.14.0/plugins/com.st.stm32cube.ide.mcu.externaltools.gnu-tools-for-stm32.11.3.rel1.linux64_1.1.100.202309141235/tools/bin/../lib/gcc/arm-none-eabi/11.3.1/thumb/v7e-m+fp/hard/crti.o
 .ARM.attributes
                0x000000000000001e       0x34 /opt/st/stm32cubeide_1.14.0/plugins/com.st.stm32cube.ide.mcu.externaltools.gnu-tools-for-stm32.11.3.rel1.linux64_1.1.100.202309141235/tools/bin/../lib/gcc/arm-none-eabi/11.3.1/thumb/v7e-m+fp/hard/crtbegin.o
 .ARM.attributes
                0x0000000000000052       0x34 ./BlueNRG-2/Target/hci_tl_interface.o
 .ARM.attributes
                0x0000000000000086       0x34 ./Core/Src/app_bluenrg.o
 .ARM.attributes
                0x00000000000000ba       0x34 ./Core/Src/custom_bus.o
 .ARM.attributes
                0x00000000000000ee       0x34 ./Core/Src/main.o
 .ARM.attributes
                0x0000000000000122       0x34 ./Core/Src/service.o
 .ARM.attributes
                0x0000000000000156       0x34 ./Core/Src/stm32f4xx_hal_msp.o
 .ARM.attributes
                0x000000000000018a       0x34 ./Core/Src/stm32f4xx_it.o
 .ARM.attributes
                0x00000000000001be       0x34 ./Core/Src/syscalls.o
 .ARM.attributes
                0x00000000000001f2       0x34 ./Core/Src/sysmem.o
 .ARM.attributes
                0x0000000000000226       0x34 ./Core/Src/system_stm32f4xx.o
 .ARM.attributes
                0x000000000000025a       0x21 ./Core/Startup/startup_stm32f411retx.o
 .ARM.attributes
                0x000000000000027b       0x34 ./Drivers/STM32F4xx_HAL_Driver/Src/stm32f4xx_hal.o
 .ARM.attributes
                0x00000000000002af       0x34 ./Drivers/STM32F4xx_HAL_Driver/Src/stm32f4xx_hal_cortex.o
 .ARM.attributes
                0x00000000000002e3       0x34 ./Drivers/STM32F4xx_HAL_Driver/Src/stm32f4xx_hal_exti.o
 .ARM.attributes
                0x0000000000000317       0x34 ./Drivers/STM32F4xx_HAL_Driver/Src/stm32f4xx_hal_gpio.o
 .ARM.attributes
                0x000000000000034b       0x34 ./Drivers/STM32F4xx_HAL_Driver/Src/stm32f4xx_hal_rcc.o
 .ARM.attributes
                0x000000000000037f       0x34 ./Drivers/STM32F4xx_HAL_Driver/Src/stm32f4xx_hal_spi.o
 .ARM.attributes
                0x00000000000003b3       0x34 ./Drivers/STM32F4xx_HAL_Driver/Src/stm32f4xx_hal_uart.o
 .ARM.attributes
                0x00000000000003e7       0x34 ./Middlewares/ST/BlueNRG-2/hci/bluenrg1_hci_le.o
 .ARM.attributes
                0x000000000000041b       0x34 ./Middlewares/ST/BlueNRG-2/hci/controller/bluenrg1_gap_aci.o
 .ARM.attributes
                0x000000000000044f       0x34 ./Middlewares/ST/BlueNRG-2/hci/controller/bluenrg1_gatt_aci.o
 .ARM.attributes
                0x0000000000000483       0x34 ./Middlewares/ST/BlueNRG-2/hci/controller/bluenrg1_hal_aci.o
 .ARM.attributes
                0x00000000000004b7       0x34 ./Middlewares/ST/BlueNRG-2/hci/hci_tl_patterns/Basic/hci_tl.o
 .ARM.attributes
                0x00000000000004eb       0x34 ./Middlewares/ST/BlueNRG-2/utils/ble_list.o
 .ARM.attributes
                0x000000000000051f       0x34 /opt/st/stm32cubeide_1.14.0/plugins/com.st.stm32cube.ide.mcu.externaltools.gnu-tools-for-stm32.11.3.rel1.linux64_1.1.100.202309141235/tools/bin/../lib/gcc/arm-none-eabi/11.3.1/../../../../arm-none-eabi/lib/thumb/v7e-m+fp/hard/libc_nano.a(libc_a-findfp.o)
 .ARM.attributes
                0x0000000000000553       0x34 /opt/st/stm32cubeide_1.14.0/plugins/com.st.stm32cube.ide.mcu.externaltools.gnu-tools-for-stm32.11.3.rel1.linux64_1.1.100.202309141235/tools/bin/../lib/gcc/arm-none-eabi/11.3.1/../../../../arm-none-eabi/lib/thumb/v7e-m+fp/hard/libc_nano.a(libc_a-fwalk.o)
 .ARM.attributes
                0x0000000000000587       0x34 /opt/st/stm32cubeide_1.14.0/plugins/com.st.stm32cube.ide.mcu.externaltools.gnu-tools-for-stm32.11.3.rel1.linux64_1.1.100.202309141235/tools/bin/../lib/gcc/arm-none-eabi/11.3.1/../../../../arm-none-eabi/lib/thumb/v7e-m+fp/hard/libc_nano.a(libc_a-puts.o)
 .ARM.attributes
                0x00000000000005bb       0x34 /opt/st/stm32cubeide_1.14.0/plugins/com.st.stm32cube.ide.mcu.externaltools.gnu-tools-for-stm32.11.3.rel1.linux64_1.1.100.202309141235/tools/bin/../lib/gcc/arm-none-eabi/11.3.1/../../../../arm-none-eabi/lib/thumb/v7e-m+fp/hard/libc_nano.a(libc_a-stdio.o)
 .ARM.attributes
                0x00000000000005ef       0x34 /opt/st/stm32cubeide_1.14.0/plugins/com.st.stm32cube.ide.mcu.externaltools.gnu-tools-for-stm32.11.3.rel1.linux64_1.1.100.202309141235/tools/bin/../lib/gcc/arm-none-eabi/11.3.1/../../../../arm-none-eabi/lib/thumb/v7e-m+fp/hard/libc_nano.a(libc_a-wbuf.o)
 .ARM.attributes
                0x0000000000000623       0x34 /opt/st/stm32cubeide_1.14.0/plugins/com.st.stm32cube.ide.mcu.externaltools.gnu-tools-for-stm32.11.3.rel1.linux64_1.1.100.202309141235/tools/bin/../lib/gcc/arm-none-eabi/11.3.1/../../../../arm-none-eabi/lib/thumb/v7e-m+fp/hard/libc_nano.a(libc_a-wsetup.o)
 .ARM.attributes
                0x0000000000000657       0x34 /opt/st/stm32cubeide_1.14.0/plugins/com.st.stm32cube.ide.mcu.externaltools.gnu-tools-for-stm32.11.3.rel1.linux64_1.1.100.202309141235/tools/bin/../lib/gcc/arm-none-eabi/11.3.1/../../../../arm-none-eabi/lib/thumb/v7e-m+fp/hard/libc_nano.a(libc_a-memset.o)
 .ARM.attributes
                0x000000000000068b       0x34 /opt/st/stm32cubeide_1.14.0/plugins/com.st.stm32cube.ide.mcu.externaltools.gnu-tools-for-stm32.11.3.rel1.linux64_1.1.100.202309141235/tools/bin/../lib/gcc/arm-none-eabi/11.3.1/../../../../arm-none-eabi/lib/thumb/v7e-m+fp/hard/libc_nano.a(libc_a-closer.o)
 .ARM.attributes
                0x00000000000006bf       0x34 /opt/st/stm32cubeide_1.14.0/plugins/com.st.stm32cube.ide.mcu.externaltools.gnu-tools-for-stm32.11.3.rel1.linux64_1.1.100.202309141235/tools/bin/../lib/gcc/arm-none-eabi/11.3.1/../../../../arm-none-eabi/lib/thumb/v7e-m+fp/hard/libc_nano.a(libc_a-reent.o)
 .ARM.attributes
                0x00000000000006f3       0x34 /opt/st/stm32cubeide_1.14.0/plugins/com.st.stm32cube.ide.mcu.externaltools.gnu-tools-for-stm32.11.3.rel1.linux64_1.1.100.202309141235/tools/bin/../lib/gcc/arm-none-eabi/11.3.1/../../../../arm-none-eabi/lib/thumb/v7e-m+fp/hard/libc_nano.a(libc_a-impure.o)
 .ARM.attributes
                0x0000000000000727       0x34 /opt/st/stm32cubeide_1.14.0/plugins/com.st.stm32cube.ide.mcu.externaltools.gnu-tools-for-stm32.11.3.rel1.linux64_1.1.100.202309141235/tools/bin/../lib/gcc/arm-none-eabi/11.3.1/../../../../arm-none-eabi/lib/thumb/v7e-m+fp/hard/libc_nano.a(libc_a-lseekr.o)
 .ARM.attributes
                0x000000000000075b       0x34 /opt/st/stm32cubeide_1.14.0/plugins/com.st.stm32cube.ide.mcu.externaltools.gnu-tools-for-stm32.11.3.rel1.linux64_1.1.100.202309141235/tools/bin/../lib/gcc/arm-none-eabi/11.3.1/../../../../arm-none-eabi/lib/thumb/v7e-m+fp/hard/libc_nano.a(libc_a-readr.o)
 .ARM.attributes
                0x000000000000078f       0x34 /opt/st/stm32cubeide_1.14.0/plugins/com.st.stm32cube.ide.mcu.externaltools.gnu-tools-for-stm32.11.3.rel1.linux64_1.1.100.202309141235/tools/bin/../lib/gcc/arm-none-eabi/11.3.1/../../../../arm-none-eabi/lib/thumb/v7e-m+fp/hard/libc_nano.a(libc_a-writer.o)
 .ARM.attributes
                0x00000000000007c3       0x34 /opt/st/stm32cubeide_1.14.0/plugins/com.st.stm32cube.ide.mcu.externaltools.gnu-tools-for-stm32.11.3.rel1.linux64_1.1.100.202309141235/tools/bin/../lib/gcc/arm-none-eabi/11.3.1/../../../../arm-none-eabi/lib/thumb/v7e-m+fp/hard/libc_nano.a(libc_a-errno.o)
 .ARM.attributes
                0x00000000000007f7       0x34 /opt/st/stm32cubeide_1.14.0/plugins/com.st.stm32cube.ide.mcu.externaltools.gnu-tools-for-stm32.11.3.rel1.linux64_1.1.100.202309141235/tools/bin/../lib/gcc/arm-none-eabi/11.3.1/../../../../arm-none-eabi/lib/thumb/v7e-m+fp/hard/libc_nano.a(libc_a-init.o)
 .ARM.attributes
                0x000000000000082b       0x34 /opt/st/stm32cubeide_1.14.0/plugins/com.st.stm32cube.ide.mcu.externaltools.gnu-tools-for-stm32.11.3.rel1.linux64_1.1.100.202309141235/tools/bin/../lib/gcc/arm-none-eabi/11.3.1/../../../../arm-none-eabi/lib/thumb/v7e-m+fp/hard/libc_nano.a(libc_a-lock.o)
 .ARM.attributes
                0x000000000000085f       0x34 /opt/st/stm32cubeide_1.14.0/plugins/com.st.stm32cube.ide.mcu.externaltools.gnu-tools-for-stm32.11.3.rel1.linux64_1.1.100.202309141235/tools/bin/../lib/gcc/arm-none-eabi/11.3.1/../../../../arm-none-eabi/lib/thumb/v7e-m+fp/hard/libc_nano.a(libc_a-memcpy-stub.o)
 .ARM.attributes
                0x0000000000000893       0x17 /opt/st/stm32cubeide_1.14.0/plugins/com.st.stm32cube.ide.mcu.externaltools.gnu-tools-for-stm32.11.3.rel1.linux64_1.1.100.202309141235/tools/bin/../lib/gcc/arm-none-eabi/11.3.1/../../../../arm-none-eabi/lib/thumb/v7e-m+fp/hard/libc_nano.a(libc_a-strlen.o)
 .ARM.attributes
                0x00000000000008aa       0x34 /opt/st/stm32cubeide_1.14.0/plugins/com.st.stm32cube.ide.mcu.externaltools.gnu-tools-for-stm32.11.3.rel1.linux64_1.1.100.202309141235/tools/bin/../lib/gcc/arm-none-eabi/11.3.1/../../../../arm-none-eabi/lib/thumb/v7e-m+fp/hard/libc_nano.a(libc_a-freer.o)
 .ARM.attributes
                0x00000000000008de       0x34 /opt/st/stm32cubeide_1.14.0/plugins/com.st.stm32cube.ide.mcu.externaltools.gnu-tools-for-stm32.11.3.rel1.linux64_1.1.100.202309141235/tools/bin/../lib/gcc/arm-none-eabi/11.3.1/../../../../arm-none-eabi/lib/thumb/v7e-m+fp/hard/libc_nano.a(libc_a-mallocr.o)
 .ARM.attributes
                0x0000000000000912       0x34 /opt/st/stm32cubeide_1.14.0/plugins/com.st.stm32cube.ide.mcu.externaltools.gnu-tools-for-stm32.11.3.rel1.linux64_1.1.100.202309141235/tools/bin/../lib/gcc/arm-none-eabi/11.3.1/../../../../arm-none-eabi/lib/thumb/v7e-m+fp/hard/libc_nano.a(libc_a-mlock.o)
 .ARM.attributes
                0x0000000000000946       0x34 /opt/st/stm32cubeide_1.14.0/plugins/com.st.stm32cube.ide.mcu.externaltools.gnu-tools-for-stm32.11.3.rel1.linux64_1.1.100.202309141235/tools/bin/../lib/gcc/arm-none-eabi/11.3.1/../../../../arm-none-eabi/lib/thumb/v7e-m+fp/hard/libc_nano.a(libc_a-fflush.o)
 .ARM.attributes
                0x000000000000097a       0x34 /opt/st/stm32cubeide_1.14.0/plugins/com.st.stm32cube.ide.mcu.externaltools.gnu-tools-for-stm32.11.3.rel1.linux64_1.1.100.202309141235/tools/bin/../lib/gcc/arm-none-eabi/11.3.1/../../../../arm-none-eabi/lib/thumb/v7e-m+fp/hard/libc_nano.a(libc_a-makebuf.o)
 .ARM.attributes
                0x00000000000009ae       0x34 /opt/st/stm32cubeide_1.14.0/plugins/com.st.stm32cube.ide.mcu.externaltools.gnu-tools-for-stm32.11.3.rel1.linux64_1.1.100.202309141235/tools/bin/../lib/gcc/arm-none-eabi/11.3.1/../../../../arm-none-eabi/lib/thumb/v7e-m+fp/hard/libc_nano.a(libc_a-fstatr.o)
 .ARM.attributes
                0x00000000000009e2       0x34 /opt/st/stm32cubeide_1.14.0/plugins/com.st.stm32cube.ide.mcu.externaltools.gnu-tools-for-stm32.11.3.rel1.linux64_1.1.100.202309141235/tools/bin/../lib/gcc/arm-none-eabi/11.3.1/../../../../arm-none-eabi/lib/thumb/v7e-m+fp/hard/libc_nano.a(libc_a-isattyr.o)
 .ARM.attributes
                0x0000000000000a16       0x34 /opt/st/stm32cubeide_1.14.0/plugins/com.st.stm32cube.ide.mcu.externaltools.gnu-tools-for-stm32.11.3.rel1.linux64_1.1.100.202309141235/tools/bin/../lib/gcc/arm-none-eabi/11.3.1/../../../../arm-none-eabi/lib/thumb/v7e-m+fp/hard/libc_nano.a(libc_a-sbrkr.o)
 .ARM.attributes
                0x0000000000000a4a       0x1e /opt/st/stm32cubeide_1.14.0/plugins/com.st.stm32cube.ide.mcu.externaltools.gnu-tools-for-stm32.11.3.rel1.linux64_1.1.100.202309141235/tools/bin/../lib/gcc/arm-none-eabi/11.3.1/thumb/v7e-m+fp/hard/libgcc.a(_aeabi_uldivmod.o)
 .ARM.attributes
                0x0000000000000a68       0x34 /opt/st/stm32cubeide_1.14.0/plugins/com.st.stm32cube.ide.mcu.externaltools.gnu-tools-for-stm32.11.3.rel1.linux64_1.1.100.202309141235/tools/bin/../lib/gcc/arm-none-eabi/11.3.1/thumb/v7e-m+fp/hard/libgcc.a(_udivmoddi4.o)
 .ARM.attributes
                0x0000000000000a9c       0x1e /opt/st/stm32cubeide_1.14.0/plugins/com.st.stm32cube.ide.mcu.externaltools.gnu-tools-for-stm32.11.3.rel1.linux64_1.1.100.202309141235/tools/bin/../lib/gcc/arm-none-eabi/11.3.1/thumb/v7e-m+fp/hard/libgcc.a(_dvmd_tls.o)
 .ARM.attributes
                0x0000000000000aba       0x1e /opt/st/stm32cubeide_1.14.0/plugins/com.st.stm32cube.ide.mcu.externaltools.gnu-tools-for-stm32.11.3.rel1.linux64_1.1.100.202309141235/tools/bin/../lib/gcc/arm-none-eabi/11.3.1/thumb/v7e-m+fp/hard/crtn.o
OUTPUT(blueNRG Starter.elf elf32-littlearm)
LOAD linker stubs
LOAD /opt/st/stm32cubeide_1.14.0/plugins/com.st.stm32cube.ide.mcu.externaltools.gnu-tools-for-stm32.11.3.rel1.linux64_1.1.100.202309141235/tools/bin/../lib/gcc/arm-none-eabi/11.3.1/../../../../arm-none-eabi/lib/thumb/v7e-m+fp/hard/libc.a
LOAD /opt/st/stm32cubeide_1.14.0/plugins/com.st.stm32cube.ide.mcu.externaltools.gnu-tools-for-stm32.11.3.rel1.linux64_1.1.100.202309141235/tools/bin/../lib/gcc/arm-none-eabi/11.3.1/../../../../arm-none-eabi/lib/thumb/v7e-m+fp/hard/libm.a
LOAD /opt/st/stm32cubeide_1.14.0/plugins/com.st.stm32cube.ide.mcu.externaltools.gnu-tools-for-stm32.11.3.rel1.linux64_1.1.100.202309141235/tools/bin/../lib/gcc/arm-none-eabi/11.3.1/thumb/v7e-m+fp/hard/libgcc.a

.comment        0x0000000000000000       0x43
 .comment       0x0000000000000000       0x43 /opt/st/stm32cubeide_1.14.0/plugins/com.st.stm32cube.ide.mcu.externaltools.gnu-tools-for-stm32.11.3.rel1.linux64_1.1.100.202309141235/tools/bin/../lib/gcc/arm-none-eabi/11.3.1/thumb/v7e-m+fp/hard/crtbegin.o
                                         0x44 (size before relaxing)
 .comment       0x0000000000000043       0x44 ./BlueNRG-2/Target/hci_tl_interface.o
 .comment       0x0000000000000043       0x44 ./Core/Src/app_bluenrg.o
 .comment       0x0000000000000043       0x44 ./Core/Src/custom_bus.o
 .comment       0x0000000000000043       0x44 ./Core/Src/main.o
 .comment       0x0000000000000043       0x44 ./Core/Src/service.o
 .comment       0x0000000000000043       0x44 ./Core/Src/stm32f4xx_hal_msp.o
 .comment       0x0000000000000043       0x44 ./Core/Src/stm32f4xx_it.o
 .comment       0x0000000000000043       0x44 ./Core/Src/syscalls.o
 .comment       0x0000000000000043       0x44 ./Core/Src/sysmem.o
 .comment       0x0000000000000043       0x44 ./Core/Src/system_stm32f4xx.o
 .comment       0x0000000000000043       0x44 ./Drivers/STM32F4xx_HAL_Driver/Src/stm32f4xx_hal.o
 .comment       0x0000000000000043       0x44 ./Drivers/STM32F4xx_HAL_Driver/Src/stm32f4xx_hal_cortex.o
 .comment       0x0000000000000043       0x44 ./Drivers/STM32F4xx_HAL_Driver/Src/stm32f4xx_hal_exti.o
 .comment       0x0000000000000043       0x44 ./Drivers/STM32F4xx_HAL_Driver/Src/stm32f4xx_hal_gpio.o
 .comment       0x0000000000000043       0x44 ./Drivers/STM32F4xx_HAL_Driver/Src/stm32f4xx_hal_rcc.o
 .comment       0x0000000000000043       0x44 ./Drivers/STM32F4xx_HAL_Driver/Src/stm32f4xx_hal_spi.o
 .comment       0x0000000000000043       0x44 ./Drivers/STM32F4xx_HAL_Driver/Src/stm32f4xx_hal_uart.o
 .comment       0x0000000000000043       0x44 ./Middlewares/ST/BlueNRG-2/hci/bluenrg1_hci_le.o
 .comment       0x0000000000000043       0x44 ./Middlewares/ST/BlueNRG-2/hci/controller/bluenrg1_gap_aci.o
 .comment       0x0000000000000043       0x44 ./Middlewares/ST/BlueNRG-2/hci/controller/bluenrg1_gatt_aci.o
 .comment       0x0000000000000043       0x44 ./Middlewares/ST/BlueNRG-2/hci/controller/bluenrg1_hal_aci.o
 .comment       0x0000000000000043       0x44 ./Middlewares/ST/BlueNRG-2/hci/hci_tl_patterns/Basic/hci_tl.o
 .comment       0x0000000000000043       0x44 ./Middlewares/ST/BlueNRG-2/utils/ble_list.o

.debug_info     0x0000000000000000    0x1585c
 .debug_info    0x0000000000000000      0xa66 ./BlueNRG-2/Target/hci_tl_interface.o
 .debug_info    0x0000000000000a66      0x2f5 ./Core/Src/app_bluenrg.o
 .debug_info    0x0000000000000d5b      0xbc9 ./Core/Src/custom_bus.o
 .debug_info    0x0000000000001924      0xdfa ./Core/Src/main.o
 .debug_info    0x000000000000271e      0x1af ./Core/Src/service.o
 .debug_info    0x00000000000028cd      0x91a ./Core/Src/stm32f4xx_hal_msp.o
 .debug_info    0x00000000000031e7      0x1ca ./Core/Src/stm32f4xx_it.o
 .debug_info    0x00000000000033b1      0x6a3 ./Core/Src/syscalls.o
 .debug_info    0x0000000000003a54      0x168 ./Core/Src/sysmem.o
 .debug_info    0x0000000000003bbc      0x53e ./Core/Src/system_stm32f4xx.o
 .debug_info    0x00000000000040fa       0x23 ./Core/Startup/startup_stm32f411retx.o
 .debug_info    0x000000000000411d      0x8c4 ./Drivers/STM32F4xx_HAL_Driver/Src/stm32f4xx_hal.o
 .debug_info    0x00000000000049e1      0xcc7 ./Drivers/STM32F4xx_HAL_Driver/Src/stm32f4xx_hal_cortex.o
 .debug_info    0x00000000000056a8      0x503 ./Drivers/STM32F4xx_HAL_Driver/Src/stm32f4xx_hal_exti.o
 .debug_info    0x0000000000005bab      0x6f9 ./Drivers/STM32F4xx_HAL_Driver/Src/stm32f4xx_hal_gpio.o
 .debug_info    0x00000000000062a4      0x8f2 ./Drivers/STM32F4xx_HAL_Driver/Src/stm32f4xx_hal_rcc.o
 .debug_info    0x0000000000006b96     0x1606 ./Drivers/STM32F4xx_HAL_Driver/Src/stm32f4xx_hal_spi.o
 .debug_info    0x000000000000819c     0x2f56 ./Drivers/STM32F4xx_HAL_Driver/Src/stm32f4xx_hal_uart.o
 .debug_info    0x000000000000b0f2     0x2894 ./Middlewares/ST/BlueNRG-2/hci/bluenrg1_hci_le.o
 .debug_info    0x000000000000d986     0x2d24 ./Middlewares/ST/BlueNRG-2/hci/controller/bluenrg1_gap_aci.o
 .debug_info    0x00000000000106aa     0x312a ./Middlewares/ST/BlueNRG-2/hci/controller/bluenrg1_gatt_aci.o
 .debug_info    0x00000000000137d4     0x1103 ./Middlewares/ST/BlueNRG-2/hci/controller/bluenrg1_hal_aci.o
 .debug_info    0x00000000000148d7      0x8af ./Middlewares/ST/BlueNRG-2/hci/hci_tl_patterns/Basic/hci_tl.o
 .debug_info    0x0000000000015186      0x6d6 ./Middlewares/ST/BlueNRG-2/utils/ble_list.o

.debug_abbrev   0x0000000000000000     0x2d74
 .debug_abbrev  0x0000000000000000      0x2ac ./BlueNRG-2/Target/hci_tl_interface.o
 .debug_abbrev  0x00000000000002ac      0x152 ./Core/Src/app_bluenrg.o
 .debug_abbrev  0x00000000000003fe      0x291 ./Core/Src/custom_bus.o
 .debug_abbrev  0x000000000000068f      0x2ad ./Core/Src/main.o
 .debug_abbrev  0x000000000000093c       0xed ./Core/Src/service.o
 .debug_abbrev  0x0000000000000a29      0x1ac ./Core/Src/stm32f4xx_hal_msp.o
 .debug_abbrev  0x0000000000000bd5       0xfa ./Core/Src/stm32f4xx_it.o
 .debug_abbrev  0x0000000000000ccf      0x1b6 ./Core/Src/syscalls.o
 .debug_abbrev  0x0000000000000e85       0xbc ./Core/Src/sysmem.o
 .debug_abbrev  0x0000000000000f41      0x11a ./Core/Src/system_stm32f4xx.o
 .debug_abbrev  0x000000000000105b       0x12 ./Core/Startup/startup_stm32f411retx.o
 .debug_abbrev  0x000000000000106d      0x24b ./Drivers/STM32F4xx_HAL_Driver/Src/stm32f4xx_hal.o
 .debug_abbrev  0x00000000000012b8      0x328 ./Drivers/STM32F4xx_HAL_Driver/Src/stm32f4xx_hal_cortex.o
 .debug_abbrev  0x00000000000015e0      0x1d1 ./Drivers/STM32F4xx_HAL_Driver/Src/stm32f4xx_hal_exti.o
 .debug_abbrev  0x00000000000017b1      0x1d3 ./Drivers/STM32F4xx_HAL_Driver/Src/stm32f4xx_hal_gpio.o
 .debug_abbrev  0x0000000000001984      0x2b5 ./Drivers/STM32F4xx_HAL_Driver/Src/stm32f4xx_hal_rcc.o
 .debug_abbrev  0x0000000000001c39      0x280 ./Drivers/STM32F4xx_HAL_Driver/Src/stm32f4xx_hal_spi.o
 .debug_abbrev  0x0000000000001eb9      0x31b ./Drivers/STM32F4xx_HAL_Driver/Src/stm32f4xx_hal_uart.o
 .debug_abbrev  0x00000000000021d4      0x1c1 ./Middlewares/ST/BlueNRG-2/hci/bluenrg1_hci_le.o
 .debug_abbrev  0x0000000000002395      0x1c3 ./Middlewares/ST/BlueNRG-2/hci/controller/bluenrg1_gap_aci.o
 .debug_abbrev  0x0000000000002558      0x1e4 ./Middlewares/ST/BlueNRG-2/hci/controller/bluenrg1_gatt_aci.o
 .debug_abbrev  0x000000000000273c      0x1dd ./Middlewares/ST/BlueNRG-2/hci/controller/bluenrg1_hal_aci.o
 .debug_abbrev  0x0000000000002919      0x2d2 ./Middlewares/ST/BlueNRG-2/hci/hci_tl_patterns/Basic/hci_tl.o
 .debug_abbrev  0x0000000000002beb      0x189 ./Middlewares/ST/BlueNRG-2/utils/ble_list.o

.debug_aranges  0x0000000000000000     0x1098
 .debug_aranges
                0x0000000000000000       0x68 ./BlueNRG-2/Target/hci_tl_interface.o
 .debug_aranges
                0x0000000000000068       0x28 ./Core/Src/app_bluenrg.o
 .debug_aranges
                0x0000000000000090       0x60 ./Core/Src/custom_bus.o
 .debug_aranges
                0x00000000000000f0       0x48 ./Core/Src/main.o
 .debug_aranges
                0x0000000000000138       0x20 ./Core/Src/service.o
 .debug_aranges
                0x0000000000000158       0x30 ./Core/Src/stm32f4xx_hal_msp.o
 .debug_aranges
                0x0000000000000188       0x70 ./Core/Src/stm32f4xx_it.o
 .debug_aranges
                0x00000000000001f8       0xa8 ./Core/Src/syscalls.o
 .debug_aranges
                0x00000000000002a0       0x20 ./Core/Src/sysmem.o
 .debug_aranges
                0x00000000000002c0       0x28 ./Core/Src/system_stm32f4xx.o
 .debug_aranges
                0x00000000000002e8       0x28 ./Core/Startup/startup_stm32f411retx.o
 .debug_aranges
                0x0000000000000310       0xf0 ./Drivers/STM32F4xx_HAL_Driver/Src/stm32f4xx_hal.o
 .debug_aranges
                0x0000000000000400      0x120 ./Drivers/STM32F4xx_HAL_Driver/Src/stm32f4xx_hal_cortex.o
 .debug_aranges
                0x0000000000000520       0x60 ./Drivers/STM32F4xx_HAL_Driver/Src/stm32f4xx_hal_exti.o
 .debug_aranges
                0x0000000000000580       0x58 ./Drivers/STM32F4xx_HAL_Driver/Src/stm32f4xx_hal_gpio.o
 .debug_aranges
                0x00000000000005d8       0x88 ./Drivers/STM32F4xx_HAL_Driver/Src/stm32f4xx_hal_rcc.o
 .debug_aranges
                0x0000000000000660      0x1d0 ./Drivers/STM32F4xx_HAL_Driver/Src/stm32f4xx_hal_spi.o
 .debug_aranges
                0x0000000000000830      0x208 ./Drivers/STM32F4xx_HAL_Driver/Src/stm32f4xx_hal_uart.o
 .debug_aranges
                0x0000000000000a38      0x1c8 ./Middlewares/ST/BlueNRG-2/hci/bluenrg1_hci_le.o
 .debug_aranges
                0x0000000000000c00      0x168 ./Middlewares/ST/BlueNRG-2/hci/controller/bluenrg1_gap_aci.o
 .debug_aranges
                0x0000000000000d68      0x180 ./Middlewares/ST/BlueNRG-2/hci/controller/bluenrg1_gatt_aci.o
 .debug_aranges
                0x0000000000000ee8       0xd8 ./Middlewares/ST/BlueNRG-2/hci/controller/bluenrg1_hal_aci.o
 .debug_aranges
                0x0000000000000fc0       0x60 ./Middlewares/ST/BlueNRG-2/hci/hci_tl_patterns/Basic/hci_tl.o
 .debug_aranges
                0x0000000000001020       0x78 ./Middlewares/ST/BlueNRG-2/utils/ble_list.o

.debug_rnglists
                0x0000000000000000      0xcfa
 .debug_rnglists
                0x0000000000000000       0x4c ./BlueNRG-2/Target/hci_tl_interface.o
 .debug_rnglists
                0x000000000000004c       0x1a ./Core/Src/app_bluenrg.o
 .debug_rnglists
                0x0000000000000066       0x44 ./Core/Src/custom_bus.o
 .debug_rnglists
                0x00000000000000aa       0x33 ./Core/Src/main.o
 .debug_rnglists
                0x00000000000000dd       0x13 ./Core/Src/service.o
 .debug_rnglists
                0x00000000000000f0       0x20 ./Core/Src/stm32f4xx_hal_msp.o
 .debug_rnglists
                0x0000000000000110       0x4f ./Core/Src/stm32f4xx_it.o
 .debug_rnglists
                0x000000000000015f       0x79 ./Core/Src/syscalls.o
 .debug_rnglists
                0x00000000000001d8       0x13 ./Core/Src/sysmem.o
 .debug_rnglists
                0x00000000000001eb       0x1a ./Core/Src/system_stm32f4xx.o
 .debug_rnglists
                0x0000000000000205       0x19 ./Core/Startup/startup_stm32f411retx.o
 .debug_rnglists
                0x000000000000021e       0xaf ./Drivers/STM32F4xx_HAL_Driver/Src/stm32f4xx_hal.o
 .debug_rnglists
                0x00000000000002cd       0xd4 ./Drivers/STM32F4xx_HAL_Driver/Src/stm32f4xx_hal_cortex.o
 .debug_rnglists
                0x00000000000003a1       0x46 ./Drivers/STM32F4xx_HAL_Driver/Src/stm32f4xx_hal_exti.o
 .debug_rnglists
                0x00000000000003e7       0x3f ./Drivers/STM32F4xx_HAL_Driver/Src/stm32f4xx_hal_gpio.o
 .debug_rnglists
                0x0000000000000426       0x66 ./Drivers/STM32F4xx_HAL_Driver/Src/stm32f4xx_hal_rcc.o
 .debug_rnglists
                0x000000000000048c      0x16f ./Drivers/STM32F4xx_HAL_Driver/Src/stm32f4xx_hal_spi.o
 .debug_rnglists
                0x00000000000005fb      0x1bc ./Drivers/STM32F4xx_HAL_Driver/Src/stm32f4xx_hal_uart.o
 .debug_rnglists
                0x00000000000007b7      0x177 ./Middlewares/ST/BlueNRG-2/hci/bluenrg1_hci_le.o
 .debug_rnglists
                0x000000000000092e      0x130 ./Middlewares/ST/BlueNRG-2/hci/controller/bluenrg1_gap_aci.o
 .debug_rnglists
                0x0000000000000a5e      0x147 ./Middlewares/ST/BlueNRG-2/hci/controller/bluenrg1_gatt_aci.o
 .debug_rnglists
                0x0000000000000ba5       0xaa ./Middlewares/ST/BlueNRG-2/hci/controller/bluenrg1_hal_aci.o
 .debug_rnglists
                0x0000000000000c4f       0x56 ./Middlewares/ST/BlueNRG-2/hci/hci_tl_patterns/Basic/hci_tl.o
 .debug_rnglists
                0x0000000000000ca5       0x55 ./Middlewares/ST/BlueNRG-2/utils/ble_list.o

.debug_macro    0x0000000000000000    0x19959
 .debug_macro   0x0000000000000000      0x315 ./BlueNRG-2/Target/hci_tl_interface.o
 .debug_macro   0x0000000000000315      0xaa8 ./BlueNRG-2/Target/hci_tl_interface.o
 .debug_macro   0x0000000000000dbd       0x16 ./BlueNRG-2/Target/hci_tl_interface.o
 .debug_macro   0x0000000000000dd3      0x29b ./BlueNRG-2/Target/hci_tl_interface.o
 .debug_macro   0x000000000000106e       0x2e ./BlueNRG-2/Target/hci_tl_interface.o
 .debug_macro   0x000000000000109c       0x28 ./BlueNRG-2/Target/hci_tl_interface.o
 .debug_macro   0x00000000000010c4       0x22 ./BlueNRG-2/Target/hci_tl_interface.o
 .debug_macro   0x00000000000010e6       0x8e ./BlueNRG-2/Target/hci_tl_interface.o
 .debug_macro   0x0000000000001174       0x51 ./BlueNRG-2/Target/hci_tl_interface.o
 .debug_macro   0x00000000000011c5      0x103 ./BlueNRG-2/Target/hci_tl_interface.o
 .debug_macro   0x00000000000012c8       0x6a ./BlueNRG-2/Target/hci_tl_interface.o
 .debug_macro   0x0000000000001332      0x1df ./BlueNRG-2/Target/hci_tl_interface.o
 .debug_macro   0x0000000000001511       0x1c ./BlueNRG-2/Target/hci_tl_interface.o
 .debug_macro   0x000000000000152d       0x22 ./BlueNRG-2/Target/hci_tl_interface.o
 .debug_macro   0x000000000000154f       0xfb ./BlueNRG-2/Target/hci_tl_interface.o
 .debug_macro   0x000000000000164a     0x1011 ./BlueNRG-2/Target/hci_tl_interface.o
 .debug_macro   0x000000000000265b      0x11f ./BlueNRG-2/Target/hci_tl_interface.o
 .debug_macro   0x000000000000277a     0xb953 ./BlueNRG-2/Target/hci_tl_interface.o
 .debug_macro   0x000000000000e0cd       0x6d ./BlueNRG-2/Target/hci_tl_interface.o
 .debug_macro   0x000000000000e13a     0x368c ./BlueNRG-2/Target/hci_tl_interface.o
 .debug_macro   0x00000000000117c6      0x174 ./BlueNRG-2/Target/hci_tl_interface.o
 .debug_macro   0x000000000001193a       0x5c ./BlueNRG-2/Target/hci_tl_interface.o
 .debug_macro   0x0000000000011996      0x45c ./BlueNRG-2/Target/hci_tl_interface.o
 .debug_macro   0x0000000000011df2      0x9e9 ./BlueNRG-2/Target/hci_tl_interface.o
 .debug_macro   0x00000000000127db      0x115 ./BlueNRG-2/Target/hci_tl_interface.o
 .debug_macro   0x00000000000128f0      0x11b ./BlueNRG-2/Target/hci_tl_interface.o
 .debug_macro   0x0000000000012a0b       0xa5 ./BlueNRG-2/Target/hci_tl_interface.o
 .debug_macro   0x0000000000012ab0      0x15f ./BlueNRG-2/Target/hci_tl_interface.o
 .debug_macro   0x0000000000012c0f      0x287 ./BlueNRG-2/Target/hci_tl_interface.o
 .debug_macro   0x0000000000012e96       0x5f ./BlueNRG-2/Target/hci_tl_interface.o
 .debug_macro   0x0000000000012ef5      0x236 ./BlueNRG-2/Target/hci_tl_interface.o
 .debug_macro   0x000000000001312b      0x132 ./BlueNRG-2/Target/hci_tl_interface.o
 .debug_macro   0x000000000001325d      0x264 ./BlueNRG-2/Target/hci_tl_interface.o
 .debug_macro   0x00000000000134c1       0x2e ./BlueNRG-2/Target/hci_tl_interface.o
 .debug_macro   0x00000000000134ef      0x127 ./BlueNRG-2/Target/hci_tl_interface.o
 .debug_macro   0x0000000000013616       0x85 ./BlueNRG-2/Target/hci_tl_interface.o
 .debug_macro   0x000000000001369b       0x89 ./BlueNRG-2/Target/hci_tl_interface.o
 .debug_macro   0x0000000000013724      0x225 ./BlueNRG-2/Target/hci_tl_interface.o
 .debug_macro   0x0000000000013949      0x2aa ./BlueNRG-2/Target/hci_tl_interface.o
 .debug_macro   0x0000000000013bf3      0x126 ./BlueNRG-2/Target/hci_tl_interface.o
 .debug_macro   0x0000000000013d19       0x28 ./BlueNRG-2/Target/hci_tl_interface.o
 .debug_macro   0x0000000000013d41       0x82 ./BlueNRG-2/Target/hci_tl_interface.o
 .debug_macro   0x0000000000013dc3       0x6a ./BlueNRG-2/Target/hci_tl_interface.o
 .debug_macro   0x0000000000013e2d       0x40 ./BlueNRG-2/Target/hci_tl_interface.o
 .debug_macro   0x0000000000013e6d       0x46 ./BlueNRG-2/Target/hci_tl_interface.o
 .debug_macro   0x0000000000013eb3       0x61 ./BlueNRG-2/Target/hci_tl_interface.o
 .debug_macro   0x0000000000013f14       0x2a ./BlueNRG-2/Target/hci_tl_interface.o
 .debug_macro   0x0000000000013f3e       0x43 ./BlueNRG-2/Target/hci_tl_interface.o
 .debug_macro   0x0000000000013f81       0x34 ./BlueNRG-2/Target/hci_tl_interface.o
 .debug_macro   0x0000000000013fb5       0x16 ./BlueNRG-2/Target/hci_tl_interface.o
 .debug_macro   0x0000000000013fcb       0x43 ./BlueNRG-2/Target/hci_tl_interface.o
 .debug_macro   0x000000000001400e       0x34 ./BlueNRG-2/Target/hci_tl_interface.o
 .debug_macro   0x0000000000014042       0x10 ./BlueNRG-2/Target/hci_tl_interface.o
 .debug_macro   0x0000000000014052       0x58 ./BlueNRG-2/Target/hci_tl_interface.o
 .debug_macro   0x00000000000140aa       0x8e ./BlueNRG-2/Target/hci_tl_interface.o
 .debug_macro   0x0000000000014138       0x1c ./BlueNRG-2/Target/hci_tl_interface.o
 .debug_macro   0x0000000000014154      0x177 ./BlueNRG-2/Target/hci_tl_interface.o
 .debug_macro   0x00000000000142cb      0x369 ./BlueNRG-2/Target/hci_tl_interface.o
 .debug_macro   0x0000000000014634       0x10 ./BlueNRG-2/Target/hci_tl_interface.o
 .debug_macro   0x0000000000014644       0x35 ./BlueNRG-2/Target/hci_tl_interface.o
 .debug_macro   0x0000000000014679       0x20 ./BlueNRG-2/Target/hci_tl_interface.o
 .debug_macro   0x0000000000014699       0xa0 ./BlueNRG-2/Target/hci_tl_interface.o
 .debug_macro   0x0000000000014739      0x40a ./Core/Src/app_bluenrg.o
 .debug_macro   0x0000000000014b43       0x5b ./Core/Src/app_bluenrg.o
 .debug_macro   0x0000000000014b9e       0x94 ./Core/Src/app_bluenrg.o
 .debug_macro   0x0000000000014c32       0x16 ./Core/Src/app_bluenrg.o
 .debug_macro   0x0000000000014c48       0x57 ./Core/Src/app_bluenrg.o
 .debug_macro   0x0000000000014c9f       0x97 ./Core/Src/app_bluenrg.o
 .debug_macro   0x0000000000014d36       0xfd ./Core/Src/app_bluenrg.o
 .debug_macro   0x0000000000014e33       0x10 ./Core/Src/app_bluenrg.o
 .debug_macro   0x0000000000014e43       0x16 ./Core/Src/app_bluenrg.o
 .debug_macro   0x0000000000014e59       0x16 ./Core/Src/app_bluenrg.o
 .debug_macro   0x0000000000014e6f      0x147 ./Core/Src/app_bluenrg.o
 .debug_macro   0x0000000000014fb6       0x56 ./Core/Src/app_bluenrg.o
 .debug_macro   0x000000000001500c       0x40 ./Core/Src/app_bluenrg.o
 .debug_macro   0x000000000001504c      0x17e ./Core/Src/app_bluenrg.o
 .debug_macro   0x00000000000151ca       0x9c ./Core/Src/app_bluenrg.o
 .debug_macro   0x0000000000015266       0x56 ./Core/Src/app_bluenrg.o
 .debug_macro   0x00000000000152bc       0x16 ./Core/Src/app_bluenrg.o
 .debug_macro   0x00000000000152d2      0x389 ./Core/Src/app_bluenrg.o
 .debug_macro   0x000000000001565b       0x52 ./Core/Src/app_bluenrg.o
 .debug_macro   0x00000000000156ad      0x19a ./Core/Src/app_bluenrg.o
 .debug_macro   0x0000000000015847      0x166 ./Core/Src/app_bluenrg.o
 .debug_macro   0x00000000000159ad      0x103 ./Core/Src/app_bluenrg.o
 .debug_macro   0x0000000000015ab0      0x1eb ./Core/Src/custom_bus.o
 .debug_macro   0x0000000000015c9b      0x2df ./Core/Src/main.o
 .debug_macro   0x0000000000015f7a       0x2e ./Core/Src/main.o
 .debug_macro   0x0000000000015fa8       0x3a ./Core/Src/main.o
 .debug_macro   0x0000000000015fe2      0x3b6 ./Core/Src/service.o
 .debug_macro   0x0000000000016398      0x203 ./Core/Src/stm32f4xx_hal_msp.o
 .debug_macro   0x000000000001659b      0x20d ./Core/Src/stm32f4xx_it.o
 .debug_macro   0x00000000000167a8      0x274 ./Core/Src/syscalls.o
 .debug_macro   0x0000000000016a1c       0x10 ./Core/Src/syscalls.o
 .debug_macro   0x0000000000016a2c       0x10 ./Core/Src/syscalls.o
 .debug_macro   0x0000000000016a3c       0x10 ./Core/Src/syscalls.o
 .debug_macro   0x0000000000016a4c       0x10 ./Core/Src/syscalls.o
 .debug_macro   0x0000000000016a5c       0x1c ./Core/Src/syscalls.o
 .debug_macro   0x0000000000016a78       0x52 ./Core/Src/syscalls.o
 .debug_macro   0x0000000000016aca       0x22 ./Core/Src/syscalls.o
 .debug_macro   0x0000000000016aec       0x10 ./Core/Src/syscalls.o
 .debug_macro   0x0000000000016afc       0x52 ./Core/Src/syscalls.o
 .debug_macro   0x0000000000016b4e       0xcf ./Core/Src/syscalls.o
 .debug_macro   0x0000000000016c1d       0x1c ./Core/Src/syscalls.o
 .debug_macro   0x0000000000016c39       0x3d ./Core/Src/syscalls.o
 .debug_macro   0x0000000000016c76       0x35 ./Core/Src/syscalls.o
 .debug_macro   0x0000000000016cab      0x12c ./Core/Src/syscalls.o
 .debug_macro   0x0000000000016dd7       0x16 ./Core/Src/syscalls.o
 .debug_macro   0x0000000000016ded       0x16 ./Core/Src/syscalls.o
 .debug_macro   0x0000000000016e03       0x29 ./Core/Src/syscalls.o
 .debug_macro   0x0000000000016e2c       0x10 ./Core/Src/syscalls.o
 .debug_macro   0x0000000000016e3c      0x242 ./Core/Src/syscalls.o
 .debug_macro   0x000000000001707e       0x1c ./Core/Src/syscalls.o
 .debug_macro   0x000000000001709a       0x10 ./Core/Src/syscalls.o
 .debug_macro   0x00000000000170aa      0x18a ./Core/Src/syscalls.o
 .debug_macro   0x0000000000017234       0x16 ./Core/Src/syscalls.o
 .debug_macro   0x000000000001724a       0xce ./Core/Src/syscalls.o
 .debug_macro   0x0000000000017318       0xff ./Core/Src/sysmem.o
 .debug_macro   0x0000000000017417      0x23c ./Core/Src/sysmem.o
 .debug_macro   0x0000000000017653      0x1c4 ./Core/Src/system_stm32f4xx.o
 .debug_macro   0x0000000000017817      0x224 ./Drivers/STM32F4xx_HAL_Driver/Src/stm32f4xx_hal.o